Archive member included to satisfy reference by file (symbol)

C:/Users/Asus/Desktop/New folder (2)/STM32CubeIDE_1.16.0/STM32CubeIDE/plugins/com.st.stm32cube.ide.mcu.externaltools.gnu-tools-for-stm32.12.3.rel1.win32_1.0.200.202406191623/tools/bin/../lib/gcc/arm-none-eabi/12.3.1/../../../../arm-none-eabi/lib/thumb/v7-m/nofp\libc_nano.a(libc_a-exit.o)
                              C:/Users/Asus/Desktop/New folder (2)/STM32CubeIDE_1.16.0/STM32CubeIDE/plugins/com.st.stm32cube.ide.mcu.externaltools.gnu-tools-for-stm32.12.3.rel1.win32_1.0.200.202406191623/tools/bin/../lib/gcc/arm-none-eabi/12.3.1/../../../../arm-none-eabi/lib/thumb/v7-m/nofp/crt0.o (exit)
C:/Users/Asus/Desktop/New folder (2)/STM32CubeIDE_1.16.0/STM32CubeIDE/plugins/com.st.stm32cube.ide.mcu.externaltools.gnu-tools-for-stm32.12.3.rel1.win32_1.0.200.202406191623/tools/bin/../lib/gcc/arm-none-eabi/12.3.1/../../../../arm-none-eabi/lib/thumb/v7-m/nofp\libc_nano.a(libc_a-findfp.o)
                              C:/Users/Asus/Desktop/New folder (2)/STM32CubeIDE_1.16.0/STM32CubeIDE/plugins/com.st.stm32cube.ide.mcu.externaltools.gnu-tools-for-stm32.12.3.rel1.win32_1.0.200.202406191623/tools/bin/../lib/gcc/arm-none-eabi/12.3.1/../../../../arm-none-eabi/lib/thumb/v7-m/nofp\libc_nano.a(libc_a-exit.o) (__stdio_exit_handler)
C:/Users/Asus/Desktop/New folder (2)/STM32CubeIDE_1.16.0/STM32CubeIDE/plugins/com.st.stm32cube.ide.mcu.externaltools.gnu-tools-for-stm32.12.3.rel1.win32_1.0.200.202406191623/tools/bin/../lib/gcc/arm-none-eabi/12.3.1/../../../../arm-none-eabi/lib/thumb/v7-m/nofp\libc_nano.a(libc_a-fwalk.o)
                              C:/Users/Asus/Desktop/New folder (2)/STM32CubeIDE_1.16.0/STM32CubeIDE/plugins/com.st.stm32cube.ide.mcu.externaltools.gnu-tools-for-stm32.12.3.rel1.win32_1.0.200.202406191623/tools/bin/../lib/gcc/arm-none-eabi/12.3.1/../../../../arm-none-eabi/lib/thumb/v7-m/nofp\libc_nano.a(libc_a-findfp.o) (_fwalk_sglue)
C:/Users/Asus/Desktop/New folder (2)/STM32CubeIDE_1.16.0/STM32CubeIDE/plugins/com.st.stm32cube.ide.mcu.externaltools.gnu-tools-for-stm32.12.3.rel1.win32_1.0.200.202406191623/tools/bin/../lib/gcc/arm-none-eabi/12.3.1/../../../../arm-none-eabi/lib/thumb/v7-m/nofp\libc_nano.a(libc_a-stdio.o)
                              C:/Users/Asus/Desktop/New folder (2)/STM32CubeIDE_1.16.0/STM32CubeIDE/plugins/com.st.stm32cube.ide.mcu.externaltools.gnu-tools-for-stm32.12.3.rel1.win32_1.0.200.202406191623/tools/bin/../lib/gcc/arm-none-eabi/12.3.1/../../../../arm-none-eabi/lib/thumb/v7-m/nofp\libc_nano.a(libc_a-findfp.o) (__sread)
C:/Users/Asus/Desktop/New folder (2)/STM32CubeIDE_1.16.0/STM32CubeIDE/plugins/com.st.stm32cube.ide.mcu.externaltools.gnu-tools-for-stm32.12.3.rel1.win32_1.0.200.202406191623/tools/bin/../lib/gcc/arm-none-eabi/12.3.1/../../../../arm-none-eabi/lib/thumb/v7-m/nofp\libc_nano.a(libc_a-memset.o)
                              C:/Users/Asus/Desktop/New folder (2)/STM32CubeIDE_1.16.0/STM32CubeIDE/plugins/com.st.stm32cube.ide.mcu.externaltools.gnu-tools-for-stm32.12.3.rel1.win32_1.0.200.202406191623/tools/bin/../lib/gcc/arm-none-eabi/12.3.1/../../../../arm-none-eabi/lib/thumb/v7-m/nofp/crt0.o (memset)
C:/Users/Asus/Desktop/New folder (2)/STM32CubeIDE_1.16.0/STM32CubeIDE/plugins/com.st.stm32cube.ide.mcu.externaltools.gnu-tools-for-stm32.12.3.rel1.win32_1.0.200.202406191623/tools/bin/../lib/gcc/arm-none-eabi/12.3.1/../../../../arm-none-eabi/lib/thumb/v7-m/nofp\libc_nano.a(libc_a-closer.o)
                              C:/Users/Asus/Desktop/New folder (2)/STM32CubeIDE_1.16.0/STM32CubeIDE/plugins/com.st.stm32cube.ide.mcu.externaltools.gnu-tools-for-stm32.12.3.rel1.win32_1.0.200.202406191623/tools/bin/../lib/gcc/arm-none-eabi/12.3.1/../../../../arm-none-eabi/lib/thumb/v7-m/nofp\libc_nano.a(libc_a-stdio.o) (_close_r)
C:/Users/Asus/Desktop/New folder (2)/STM32CubeIDE_1.16.0/STM32CubeIDE/plugins/com.st.stm32cube.ide.mcu.externaltools.gnu-tools-for-stm32.12.3.rel1.win32_1.0.200.202406191623/tools/bin/../lib/gcc/arm-none-eabi/12.3.1/../../../../arm-none-eabi/lib/thumb/v7-m/nofp\libc_nano.a(libc_a-reent.o)
                              C:/Users/Asus/Desktop/New folder (2)/STM32CubeIDE_1.16.0/STM32CubeIDE/plugins/com.st.stm32cube.ide.mcu.externaltools.gnu-tools-for-stm32.12.3.rel1.win32_1.0.200.202406191623/tools/bin/../lib/gcc/arm-none-eabi/12.3.1/../../../../arm-none-eabi/lib/thumb/v7-m/nofp\libc_nano.a(libc_a-closer.o) (errno)
C:/Users/Asus/Desktop/New folder (2)/STM32CubeIDE_1.16.0/STM32CubeIDE/plugins/com.st.stm32cube.ide.mcu.externaltools.gnu-tools-for-stm32.12.3.rel1.win32_1.0.200.202406191623/tools/bin/../lib/gcc/arm-none-eabi/12.3.1/../../../../arm-none-eabi/lib/thumb/v7-m/nofp\libc_nano.a(libc_a-impure.o)
[...]
Memory Configuration

Name             Origin             Length             Attributes
RAM              0x20000000         0x00005000         xrw
FLASH            0x08000000         0x00010000         xr
*default*        0x00000000         0xffffffff

Linker script and memory map

LOAD C:/Users/Asus/Desktop/New folder (2)/STM32CubeIDE_1.16.0/STM32CubeIDE/plugins/com.st.stm32cube.ide.mcu.externaltools.gnu-tools-for-stm32.12.3.rel1.win32_1.0.200.202406191623/tools/bin/../lib/gcc/arm-none-eabi/12.3.1/thumb/v7-m/nofp/crti.o
LOAD C:/Users/Asus/Desktop/New folder (2)/STM32CubeIDE_1.16.0/STM32CubeIDE/plugins/com.st.stm32cube.ide.mcu.externaltools.gnu-tools-for-stm32.12.3.rel1.win32_1.0.200.202406191623/tools/bin/../lib/gcc/arm-none-eabi/12.3.1/thumb/v7-m/nofp/crtbegin.o
LOAD C:/Users/Asus/Desktop/New folder (2)/STM32CubeIDE_1.16.0/STM32CubeIDE/plugins/com.st.stm32cube.ide.mcu.externaltools.gnu-tools-for-stm32.12.3.rel1.win32_1.0.200.202406191623/tools/bin/../lib/gcc/arm-none-eabi/12.3.1/../../../../arm-none-eabi/lib/thumb/v7-m/nofp/crt0.o
LOAD ./Core/Src/CommonFunc.o
LOAD ./Core/Src/ST7735S.o
LOAD ./Core/Src/main.o
LOAD ./Core/Src/stm32f1xx_hal_msp.o
LOAD ./Core/Src/stm32f1xx_it.o
LOAD ./Core/Src/syscalls.o
LOAD ./Core/Src/sysmem.o
LOAD ./Core/Src/system_stm32f1xx.o
LOAD ./Core/Startup/startup_stm32f103c8tx.o
LOAD ./Drivers/STM32F1xx_HAL_Driver/Src/stm32f1xx_hal.o
LOAD ./Drivers/STM32F1xx_HAL_Driver/Src/stm32f1xx_hal_cortex.o
LOAD ./Drivers/STM32F1xx_HAL_Driver/Src/stm32f1xx_hal_dma.o
LOAD ./Drivers/STM32F1xx_HAL_Driver/Src/stm32f1xx_hal_exti.o
LOAD ./Drivers/STM32F1xx_HAL_Driver/Src/stm32f1xx_hal_flash.o
LOAD ./Drivers/STM32F1xx_HAL_Driver/Src/stm32f1xx_hal_flash_ex.o
LOAD ./Drivers/STM32F1xx_HAL_Driver/Src/stm32f1xx_hal_gpio.o
LOAD ./Drivers/STM32F1xx_HAL_Driver/Src/stm32f1xx_hal_gpio_ex.o
LOAD ./Drivers/STM32F1xx_HAL_Driver/Src/stm32f1xx_hal_pwr.o
LOAD ./Drivers/STM32F1xx_HAL_Driver/Src/stm32f1xx_hal_rcc.o
LOAD ./Drivers/STM32F1xx_HAL_Driver/Src/stm32f1xx_hal_rcc_ex.o
LOAD ./Drivers/STM32F1xx_HAL_Driver/Src/stm32f1xx_hal_spi.o
LOAD ./Drivers/STM32F1xx_HAL_Driver/Src/stm32f1xx_hal_tim.o
LOAD ./Drivers/STM32F1xx_HAL_Driver/Src/stm32f1xx_hal_tim_ex.o
START GROUP
LOAD C:/Users/Asus/Desktop/New folder (2)/STM32CubeIDE_1.16.0/STM32CubeIDE/plugins/com.st.stm32cube.ide.mcu.externaltools.gnu-tools-for-stm32.12.3.rel1.win32_1.0.200.202406191623/tools/bin/../lib/gcc/arm-none-eabi/12.3.1/../../../../arm-none-eabi/lib/thumb/v7-m/nofp\libc_nano.a
LOAD C:/Users/Asus/Desktop/New folder (2)/STM32CubeIDE_1.16.0/STM32CubeIDE/plugins/com.st.stm32cube.ide.mcu.externaltools.gnu-tools-for-stm32.12.3.rel1.win32_1.0.200.202406191623/tools/bin/../lib/gcc/arm-none-eabi/12.3.1/../../../../arm-none-eabi/lib/thumb/v7-m/nofp\libm.a
END GROUP
START GROUP
LOAD C:/Users/Asus/Desktop/New folder (2)/STM32CubeIDE_1.16.0/STM32CubeIDE/plugins/com.st.stm32cube.ide.mcu.externaltools.gnu-tools-for-stm32.12.3.rel1.win32_1.0.200.202406191623/tools/bin/../lib/gcc/arm-none-eabi/12.3.1/thumb/v7-m/nofp\libgcc.a
LOAD C:/Users/Asus/Desktop/New folder (2)/STM32CubeIDE_1.16.0/STM32CubeIDE/plugins/com.st.stm32cube.ide.mcu.externaltools.gnu-tools-for-stm32.12.3.rel1.win32_1.0.200.202406191623/tools/bin/../lib/gcc/arm-none-eabi/12.3.1/../../../../arm-none-eabi/lib/thumb/v7-m/nofp\libc_nano.a
END GROUP
START GROUP
LOAD C:/Users/Asus/Desktop/New folder (2)/STM32CubeIDE_1.16.0/STM32CubeIDE/plugins/com.st.stm32cube.ide.mcu.externaltools.gnu-tools-for-stm32.12.3.rel1.win32_1.0.200.202406191623/tools/bin/../lib/gcc/arm-none-eabi/12.3.1/thumb/v7-m/nofp\libgcc.a
LOAD C:/Users/Asus/Desktop/New folder (2)/STM32CubeIDE_1.16.0/STM32CubeIDE/plugins/com.st.stm32cube.ide.mcu.externaltools.gnu-tools-for-stm32.12.3.rel1.win32_1.0.200.202406191623/tools/bin/../lib/gcc/arm-none-eabi/12.3.1/../../../../arm-none-eabi/lib/thumb/v7-m/nofp\libc_nano.a
LOAD C:/Users/Asus/Desktop/New folder (2)/STM32CubeIDE_1.16.0/STM32CubeIDE/plugins/com.st.stm32cube.ide.mcu.externaltools.gnu-tools-for-stm32.12.3.rel1.win32_1.0.200.202406191623/tools/bin/../lib/gcc/arm-none-eabi/12.3.1/../../../../arm-none-eabi/lib/thumb/v7-m/nofp\libnosys.a
END GROUP
START GROUP
LOAD C:/Users/Asus/Desktop/New folder (2)/STM32CubeIDE_1.16.0/STM32CubeIDE/plugins/com.st.stm32cube.ide.mcu.externaltools.gnu-tools-for-stm32.12.3.rel1.win32_1.0.200.202406191623/tools/bin/../lib/gcc/arm-none-eabi/12.3.1/thumb/v7-m/nofp\libgcc.a
LOAD C:/Users/Asus/Desktop/New folder (2)/STM32CubeIDE_1.16.0/STM32CubeIDE/plugins/com.st.stm32cube.ide.mcu.externaltools.gnu-tools-for-stm32.12.3.rel1.win32_1.0.200.202406191623/tools/bin/../lib/gcc/arm-none-eabi/12.3.1/../../../../arm-none-eabi/lib/thumb/v7-m/nofp\libc_nano.a
LOAD C:/Users/Asus/Desktop/New folder (2)/STM32CubeIDE_1.16.0/STM32CubeIDE/plugins/com.st.stm32cube.ide.mcu.externaltools.gnu-tools-for-stm32.12.3.rel1.win32_1.0.200.202406191623/tools/bin/../lib/gcc/arm-none-eabi/12.3.1/../../../../arm-none-eabi/lib/thumb/v7-m/nofp\libnosys.a
END GROUP
LOAD C:/Users/Asus/Desktop/New folder (2)/STM32CubeIDE_1.16.0/STM32CubeIDE/plugins/com.st.stm32cube.ide.mcu.externaltools.gnu-tools-for-stm32.12.3.rel1.win32_1.0.200.202406191623/tools/bin/../lib/gcc/arm-none-eabi/12.3.1/thumb/v7-m/nofp/crtend.o
LOAD C:/Users/Asus/Desktop/New folder (2)/STM32CubeIDE_1.16.0/STM32CubeIDE/plugins/com.st.stm32cube.ide.mcu.externaltools.gnu-tools-for-stm32.12.3.rel1.win32_1.0.200.202406191623/tools/bin/../lib/gcc/arm-none-eabi/12.3.1/thumb/v7-m/nofp/crtn.o
                0x20005000                        _estack = (ORIGIN (RAM) + LENGTH (RAM))
                0x00000200                        _Min_Heap_Size = 0x200
                0x00000400                        _Min_Stack_Size = 0x400

.isr_vector     0x08000000      0x10c
                0x08000000                        . = ALIGN (0x4)
 *(.isr_vector)
 .isr_vector    0x08000000      0x10c ./Core/Startup/startup_stm32f103c8tx.o
                0x08000000                g_pfnVectors
                0x0800010c                        . = ALIGN (0x4)

.text           0x08000110     0x53ac
                0x08000110                        . = ALIGN (0x4)
 *(.text)
 .text          0x08000110       0x40 C:/Users/Asus/Desktop/New folder (2)/STM32CubeIDE_1.16.0/STM32CubeIDE/plugins/com.st.stm32cube.ide.mcu.externaltools.gnu-tools-for-stm32.12.3.rel1.win32_1.0.200.202406191623/tools/bin/../lib/gcc/arm-none-eabi/12.3.1/thumb/v7-m/nofp/crtbegin.o
 .text          0x08000150      0x378 C:/Users/Asus/Desktop/New folder (2)/STM32CubeIDE_1.16.0/STM32CubeIDE/plugins/com.st.stm32cube.ide.mcu.externaltools.gnu-tools-for-stm32.12.3.rel1.win32_1.0.200.202406191623/tools/bin/../lib/gcc/arm-none-eabi/12.3.1/thumb/v7-m/nofp\libgcc.a(_arm_addsubdf3.o)
                0x08000150                __aeabi_drsub
                0x08000158                __aeabi_dsub
                0x08000158                __subdf3
                0x0800015c                __aeabi_dadd
                0x0800015c                __adddf3
                0x080003d4                __floatunsidf
                0x080003d4                __aeabi_ui2d
                0x080003f4                __floatsidf
                0x080003f4                __aeabi_i2d
                0x08000418                __aeabi_f2d
                0x08000418                __extendsfdf2
                0x0800045c                __floatundidf
                0x0800045c                __aeabi_ul2d
                0x0800046c                __floatdidf
                0x0800046c                __aeabi_l2d
 .text          0x080004c8      0x424 C:/Users/Asus/Desktop/New folder (2)/STM32CubeIDE_1.16.0/STM32CubeIDE/plugins/com.st.stm32cube.ide.mcu.externaltools.gnu-tools-for-stm32.12.3.rel1.win32_1.0.200.202406191623/tools/bin/../lib/gcc/arm-none-eabi/12.3.1/thumb/v7-m/nofp\libgcc.a(_arm_muldivdf3.o)
                0x080004c8                __aeabi_dmul
                0x080004c8                __muldf3
                0x0800071c                __divdf3
                0x0800071c                __aeabi_ddiv
 .text          0x080008ec      0x110 C:/Users/Asus/Desktop/New folder (2)/STM32CubeIDE_1.16.0/STM32CubeIDE/plugins/com.st.stm32cube.ide.mcu.externaltools.gnu-tools-for-stm32.12.3.rel1.win32_1.0.200.202406191623/tools/bin/../lib/gcc/arm-none-eabi/12.3.1/thumb/v7-m/nofp\libgcc.a(_arm_cmpdf2.o)
                0x080008ec                __gtdf2
                0x080008ec                __gedf2
                0x080008f4                __ltdf2
                0x080008f4                __ledf2
                0x080008fc                __nedf2
                0x080008fc                __eqdf2
                0x080008fc                __cmpdf2
                0x08000978                __aeabi_cdrcmple
                0x08000988                __aeabi_cdcmpeq
                0x08000988                __aeabi_cdcmple
                0x08000998                __aeabi_dcmpeq
                0x080009ac                __aeabi_dcmplt
                0x080009c0                __aeabi_dcmple
                0x080009d4                __aeabi_dcmpge
                0x080009e8                __aeabi_dcmpgt
 .text          0x080009fc       0x2c C:/Users/Asus/Desktop/New folder (2)/STM32CubeIDE_1.16.0/STM32CubeIDE/plugins/com.st.stm32cube.ide.mcu.externaltools.gnu-tools-for-stm32.12.3.rel1.win32_1.0.200.202406191623/tools/bin/../lib/gcc/arm-none-eabi/12.3.1/thumb/v7-m/nofp\libgcc.a(_arm_unorddf2.o)
                0x080009fc                __unorddf2
                0x080009fc                __aeabi_dcmpun
 .text          0x08000a28       0x50 C:/Users/Asus/Desktop/New folder (2)/STM32CubeIDE_1.16.0/STM32CubeIDE/plugins/com.st.stm32cube.ide.mcu.externaltools.gnu-tools-for-stm32.12.3.rel1.win32_1.0.200.202406191623/tools/bin/../lib/gcc/arm-none-eabi/12.3.1/thumb/v7-m/nofp\libgcc.a(_arm_fixdfsi.o)
                0x08000a28                __aeabi_d2iz
                0x08000a28                __fixdfsi
 *(.text*)
 .text.Button   0x08000a78      0x114 ./Core/Src/CommonFunc.o
                0x08000a78                Button
 .text.BackGround
                0x08000b8c       0x44 ./Core/Src/CommonFunc.o
                0x08000b8c                BackGround
 .text.DrawBoard
                0x08000bd0       0x76 ./Core/Src/CommonFunc.o
                0x08000bd0                DrawBoard
 *fill*         0x08000c46        0x2 
 .text.CreateX  0x08000c48       0x88 ./Core/Src/CommonFunc.o
                0x08000c48                CreateX
 .text.CreateO  0x08000cd0       0xcc ./Core/Src/CommonFunc.o
                0x08000cd0                CreateO
 .text.DrawXO   0x08000d9c       0xf0 ./Core/Src/CommonFunc.o
                0x08000d9c                DrawXO
 .text.NewGame  0x08000e8c       0x7c ./Core/Src/CommonFunc.o
                0x08000e8c                NewGame
 .text.GameMenu
                0x08000f08       0x4c ./Core/Src/CommonFunc.o
                0x08000f08                GameMenu
 .text.MoveCur  0x08000f54      0x6bc ./Core/Src/CommonFunc.o
                0x08000f54                MoveCur
 .text.CheckWin
                0x08001610      0x406 ./Core/Src/CommonFunc.o
                0x08001610                CheckWin
 .text.check_empty
                0x08001a16       0x56 ./Core/Src/CommonFunc.o
                0x08001a16                check_empty
 .text.End      0x08001a6c       0x88 ./Core/Src/CommonFunc.o
                0x08001a6c                End
 .text.BotMove  0x08001af4      0x314 ./Core/Src/CommonFunc.o
                0x08001af4                BotMove
 .text.FindBestMove
                0x08001e08       0xcc ./Core/Src/CommonFunc.o
                0x08001e08                FindBestMove
 .text.minimax  0x08001ed4      0x1a4 ./Core/Src/CommonFunc.o
                0x08001ed4                minimax
 .text.empty_cells
                0x08002078       0x5c ./Core/Src/CommonFunc.o
                0x08002078                empty_cells
 .text.St7735s_Select
                0x080020d4       0x18 ./Core/Src/ST7735S.o
                0x080020d4                St7735s_Select
 .text.St7735s_UnSelect
                0x080020ec       0x18 ./Core/Src/ST7735S.o
                0x080020ec                St7735s_UnSelect
 .text.St7735s_CmdMode
                0x08002104       0x18 ./Core/Src/ST7735S.o
                0x08002104                St7735s_CmdMode
 .text.St7735s_DataMode
                0x0800211c       0x18 ./Core/Src/ST7735S.o
                0x0800211c                St7735s_DataMode
 .text.St7735s_Reset
                0x08002134       0x28 ./Core/Src/ST7735S.o
                0x08002134                St7735s_Reset
 .text.St7735s_WriteCmd
                0x0800215c       0x28 ./Core/Src/ST7735S.o
                0x0800215c                St7735s_WriteCmd
 .text.St7735s_WriteData
                0x08002184       0x2c ./Core/Src/ST7735S.o
                0x08002184                St7735s_WriteData
 .text.St7735s_ExecuteCommandList
                0x080021b0       0x90 ./Core/Src/ST7735S.o
                0x080021b0                St7735s_ExecuteCommandList
 .text.St7735s_Init
                0x08002240       0x34 ./Core/Src/ST7735S.o
                0x08002240                St7735s_Init
 .text.St7735s_SetAddressWindow
                0x08002274       0x68 ./Core/Src/ST7735S.o
                0x08002274                St7735s_SetAddressWindow
 .text.St7735s_WriteChar
                0x080022dc       0xc6 ./Core/Src/ST7735S.o
                0x080022dc                St7735s_WriteChar
 .text.St7735s_WriteString
                0x080023a2       0x78 ./Core/Src/ST7735S.o
                0x080023a2                St7735s_WriteString
 .text.St7735s_FillRectangle
                0x0800241a       0xce ./Core/Src/ST7735S.o
                0x0800241a                St7735s_FillRectangle
 .text.St7735s_FillScreen
                0x080024e8       0x22 ./Core/Src/ST7735S.o
                0x080024e8                St7735s_FillScreen
 *fill*         0x0800250a        0x2 
 .text.main     0x0800250c      0x384 ./Core/Src/main.o
                0x0800250c                main
 .text.SystemClock_Config
                0x08002890       0x8a ./Core/Src/main.o
                0x08002890                SystemClock_Config
 *fill*         0x0800291a        0x2 
 .text.MX_SPI1_Init
                0x0800291c       0x6c ./Core/Src/main.o
 .text.MX_DMA_Init
                0x08002988       0x3c ./Core/Src/main.o
 .text.MX_GPIO_Init
                0x080029c4       0xf4 ./Core/Src/main.o
 .text.Error_Handler
                0x08002ab8        0xc ./Core/Src/main.o
                0x08002ab8                Error_Handler
 .text.HAL_MspInit
                0x08002ac4       0x64 ./Core/Src/stm32f1xx_hal_msp.o
                0x08002ac4                HAL_MspInit
 .text.HAL_SPI_MspInit
                0x08002b28       0xe4 ./Core/Src/stm32f1xx_hal_msp.o
                0x08002b28                HAL_SPI_MspInit
 .text.NMI_Handler
                0x08002c0c        0x8 ./Core/Src/stm32f1xx_it.o
                0x08002c0c                NMI_Handler
 .text.HardFault_Handler
                0x08002c14        0x8 ./Core/Src/stm32f1xx_it.o
                0x08002c14                HardFault_Handler
 .text.MemManage_Handler
                0x08002c1c        0x8 ./Core/Src/stm32f1xx_it.o
                0x08002c1c                MemManage_Handler
 .text.BusFault_Handler
                0x08002c24        0x8 ./Core/Src/stm32f1xx_it.o
                0x08002c24                BusFault_Handler
 .text.UsageFault_Handler
                0x08002c2c        0x8 ./Core/Src/stm32f1xx_it.o
                0x08002c2c                UsageFault_Handler
 .text.SVC_Handler
                0x08002c34        0xc ./Core/Src/stm32f1xx_it.o
                0x08002c34                SVC_Handler
 .text.DebugMon_Handler
                0x08002c40        0xc ./Core/Src/stm32f1xx_it.o
                0x08002c40                DebugMon_Handler
 .text.PendSV_Handler
                0x08002c4c        0xc ./Core/Src/stm32f1xx_it.o
                0x08002c4c                PendSV_Handler
 .text.SysTick_Handler
                0x08002c58        0xc ./Core/Src/stm32f1xx_it.o
                0x08002c58                SysTick_Handler
 .text.DMA1_Channel3_IRQHandler
                0x08002c64       0x14 ./Core/Src/stm32f1xx_it.o
                0x08002c64                DMA1_Channel3_IRQHandler
 .text.SPI1_IRQHandler
                0x08002c78       0x14 ./Core/Src/stm32f1xx_it.o
                0x08002c78                SPI1_IRQHandler
 .text.SystemInit
                0x08002c8c        0xc ./Core/Src/system_stm32f1xx.o
                0x08002c8c                SystemInit
 .text.Reset_Handler
                0x08002c98       0x48 ./Core/Startup/startup_stm32f103c8tx.o
                0x08002c98                Reset_Handler
 .text.Default_Handler
                0x08002ce0        0x2 ./Core/Startup/startup_stm32f103c8tx.o
                0x08002ce0                RTC_Alarm_IRQHandler
                0x08002ce0                EXTI2_IRQHandler
                0x08002ce0                TIM1_CC_IRQHandler
                0x08002ce0                PVD_IRQHandler
                0x08002ce0                EXTI3_IRQHandler
                0x08002ce0                EXTI0_IRQHandler
                0x08002ce0                I2C2_EV_IRQHandler
                0x08002ce0                ADC1_2_IRQHandler
                0x08002ce0                TAMPER_IRQHandler
                0x08002ce0                DMA1_Channel4_IRQHandler
                0x08002ce0                USART3_IRQHandler
                0x08002ce0                RTC_IRQHandler
                0x08002ce0                DMA1_Channel7_IRQHandler
                0x08002ce0                CAN1_RX1_IRQHandler
                0x08002ce0                TIM4_IRQHandler
                0x08002ce0                I2C1_EV_IRQHandler
                0x08002ce0                DMA1_Channel6_IRQHandler
                0x08002ce0                TIM3_IRQHandler
                0x08002ce0                RCC_IRQHandler
                0x08002ce0                TIM1_TRG_COM_IRQHandler
                0x08002ce0                DMA1_Channel1_IRQHandler
                0x08002ce0                Default_Handler
                0x08002ce0                EXTI15_10_IRQHandler
                0x08002ce0                EXTI9_5_IRQHandler
                0x08002ce0                SPI2_IRQHandler
                0x08002ce0                DMA1_Channel5_IRQHandler
                0x08002ce0                EXTI4_IRQHandler
                0x08002ce0                USB_LP_CAN1_RX0_IRQHandler
                0x08002ce0                USB_HP_CAN1_TX_IRQHandler
                0x08002ce0                TIM1_UP_IRQHandler
                0x08002ce0                WWDG_IRQHandler
                0x08002ce0                TIM2_IRQHandler
                0x08002ce0                TIM1_BRK_IRQHandler
                0x08002ce0                EXTI1_IRQHandler
                0x08002ce0                USART2_IRQHandler
                0x08002ce0                I2C2_ER_IRQHandler
                0x08002ce0                DMA1_Channel2_IRQHandler
                0x08002ce0                CAN1_SCE_IRQHandler
                0x08002ce0                FLASH_IRQHandler
                0x08002ce0                USART1_IRQHandler
                0x08002ce0                I2C1_ER_IRQHandler
                0x08002ce0                USBWakeUp_IRQHandler
 *fill*         0x08002ce2        0x2 
 .text.HAL_Init
                0x08002ce4       0x2c ./Drivers/STM32F1xx_HAL_Driver/Src/stm32f1xx_hal.o
                0x08002ce4                HAL_Init
 .text.HAL_InitTick
                0x08002d10       0x60 ./Drivers/STM32F1xx_HAL_Driver/Src/stm32f1xx_hal.o
                0x08002d10                HAL_InitTick
 .text.HAL_IncTick
                0x08002d70       0x24 ./Drivers/STM32F1xx_HAL_Driver/Src/stm32f1xx_hal.o
                0x08002d70                HAL_IncTick
 .text.HAL_GetTick
                0x08002d94       0x14 ./Drivers/STM32F1xx_HAL_Driver/Src/stm32f1xx_hal.o
                0x08002d94                HAL_GetTick
 .text.HAL_Delay
                0x08002da8       0x48 ./Drivers/STM32F1xx_HAL_Driver/Src/stm32f1xx_hal.o
                0x08002da8                HAL_Delay
 .text.__NVIC_SetPriorityGrouping
                0x08002df0       0x48 ./Drivers/STM32F1xx_HAL_Driver/Src/stm32f1xx_hal_cortex.o
 .text.__NVIC_GetPriorityGrouping
                0x08002e38       0x1c ./Drivers/STM32F1xx_HAL_Driver/Src/stm32f1xx_hal_cortex.o
 .text.__NVIC_EnableIRQ
                0x08002e54       0x38 ./Drivers/STM32F1xx_HAL_Driver/Src/stm32f1xx_hal_cortex.o
 .text.__NVIC_SetPriority
                0x08002e8c       0x54 ./Drivers/STM32F1xx_HAL_Driver/Src/stm32f1xx_hal_cortex.o
 .text.NVIC_EncodePriority
                0x08002ee0       0x64 ./Drivers/STM32F1xx_HAL_Driver/Src/stm32f1xx_hal_cortex.o
 .text.SysTick_Config
                0x08002f44       0x44 ./Drivers/STM32F1xx_HAL_Driver/Src/stm32f1xx_hal_cortex.o
 .text.HAL_NVIC_SetPriorityGrouping
                0x08002f88       0x16 ./Drivers/STM32F1xx_HAL_Driver/Src/stm32f1xx_hal_cortex.o
                0x08002f88                HAL_NVIC_SetPriorityGrouping
 .text.HAL_NVIC_SetPriority
                0x08002f9e       0x38 ./Drivers/STM32F1xx_HAL_Driver/Src/stm32f1xx_hal_cortex.o
                0x08002f9e                HAL_NVIC_SetPriority
 .text.HAL_NVIC_EnableIRQ
                0x08002fd6       0x1c ./Drivers/STM32F1xx_HAL_Driver/Src/stm32f1xx_hal_cortex.o
                0x08002fd6                HAL_NVIC_EnableIRQ
 .text.HAL_SYSTICK_Config
                0x08002ff2       0x18 ./Drivers/STM32F1xx_HAL_Driver/Src/stm32f1xx_hal_cortex.o
                0x08002ff2                HAL_SYSTICK_Config
 *fill*         0x0800300a        0x2 
 .text.HAL_DMA_Init
                0x0800300c       0xb4 ./Drivers/STM32F1xx_HAL_Driver/Src/stm32f1xx_hal_dma.o
                0x0800300c                HAL_DMA_Init
 .text.HAL_DMA_Abort_IT
                0x080030c0       0xf0 ./Drivers/STM32F1xx_HAL_Driver/Src/stm32f1xx_hal_dma.o
                0x080030c0                HAL_DMA_Abort_IT
 .text.HAL_DMA_IRQHandler
                0x080031b0      0x20c ./Drivers/STM32F1xx_HAL_Driver/Src/stm32f1xx_hal_dma.o
                0x080031b0                HAL_DMA_IRQHandler
 .text.HAL_GPIO_Init
                0x080033bc      0x308 ./Drivers/STM32F1xx_HAL_Driver/Src/stm32f1xx_hal_gpio.o
                0x080033bc                HAL_GPIO_Init
 .text.HAL_GPIO_ReadPin
                0x080036c4       0x2e ./Drivers/STM32F1xx_HAL_Driver/Src/stm32f1xx_hal_gpio.o
                0x080036c4                HAL_GPIO_ReadPin
 .text.HAL_GPIO_WritePin
                0x080036f2       0x30 ./Drivers/STM32F1xx_HAL_Driver/Src/stm32f1xx_hal_gpio.o
                0x080036f2                HAL_GPIO_WritePin
 *fill*         0x08003722        0x2 
 .text.HAL_RCC_OscConfig
                0x08003724      0x504 ./Drivers/STM32F1xx_HAL_Driver/Src/stm32f1xx_hal_rcc.o
                0x08003724                HAL_RCC_OscConfig
 .text.HAL_RCC_ClockConfig
                0x08003c28      0x1d4 ./Drivers/STM32F1xx_HAL_Driver/Src/stm32f1xx_hal_rcc.o
                0x08003c28                HAL_RCC_ClockConfig
 .text.HAL_RCC_GetSysClockFreq
                0x08003dfc       0xa8 ./Drivers/STM32F1xx_HAL_Driver/Src/stm32f1xx_hal_rcc.o
                0x08003dfc                HAL_RCC_GetSysClockFreq
 .text.RCC_Delay
                0x08003ea4       0x3c ./Drivers/STM32F1xx_HAL_Driver/Src/stm32f1xx_hal_rcc.o
 .text.HAL_SPI_Init
                0x08003ee0      0x108 ./Drivers/STM32F1xx_HAL_Driver/Src/stm32f1xx_hal_spi.o
                0x08003ee0                HAL_SPI_Init
 .text.HAL_SPI_Transmit
                0x08003fe8      0x288 ./Drivers/STM32F1xx_HAL_Driver/Src/stm32f1xx_hal_spi.o
                0x08003fe8                HAL_SPI_Transmit
 .text.HAL_SPI_IRQHandler
                0x08004270      0x1bc ./Drivers/STM32F1xx_HAL_Driver/Src/stm32f1xx_hal_spi.o
                0x08004270                HAL_SPI_IRQHandler
 .text.HAL_SPI_ErrorCallback
                0x0800442c       0x12 ./Drivers/STM32F1xx_HAL_Driver/Src/stm32f1xx_hal_spi.o
                0x0800442c                HAL_SPI_ErrorCallback
 .text.SPI_DMAAbortOnError
                0x0800443e       0x28 ./Drivers/STM32F1xx_HAL_Driver/Src/stm32f1xx_hal_spi.o
 *fill*         0x08004466        0x2 
 .text.SPI_WaitFlagStateUntilTimeout
                0x08004468      0x110 ./Drivers/STM32F1xx_HAL_Driver/Src/stm32f1xx_hal_spi.o
 .text.SPI_EndRxTxTransaction
                0x08004578       0x62 ./Drivers/STM32F1xx_HAL_Driver/Src/stm32f1xx_hal_spi.o
 .text.memset   0x080045da       0x10 C:/Users/Asus/Desktop/New folder (2)/STM32CubeIDE_1.16.0/STM32CubeIDE/plugins/com.st.stm32cube.ide.mcu.externaltools.gnu-tools-for-stm32.12.3.rel1.win32_1.0.200.202406191623/tools/bin/../lib/gcc/arm-none-eabi/12.3.1/../../../../arm-none-eabi/lib/thumb/v7-m/nofp\libc_nano.a(libc_a-memset.o)
                0x080045da                memset
 *fill*         0x080045ea        0x2 
 .text.__errno  0x080045ec        0xc C:/Users/Asus/Desktop/New folder (2)/STM32CubeIDE_1.16.0/STM32CubeIDE/plugins/com.st.stm32cube.ide.mcu.externaltools.gnu-tools-for-stm32.12.3.rel1.win32_1.0.200.202406191623/tools/bin/../lib/gcc/arm-none-eabi/12.3.1/../../../../arm-none-eabi/lib/thumb/v7-m/nofp\libc_nano.a(libc_a-errno.o)
                0x080045ec                __errno
 .text.__libc_init_array
                0x080045f8       0x48 C:/Users/Asus/Desktop/New folder (2)/STM32CubeIDE_1.16.0/STM32CubeIDE/plugins/com.st.stm32cube.ide.mcu.externaltools.gnu-tools-for-stm32.12.3.rel1.win32_1.0.200.202406191623/tools/bin/../lib/gcc/arm-none-eabi/12.3.1/../../../../arm-none-eabi/lib/thumb/v7-m/nofp\libc_nano.a(libc_a-init.o)
                0x080045f8                __libc_init_array
 .text.pow      0x08004640       0xd0 C:/Users/Asus/Desktop/New folder (2)/STM32CubeIDE_1.16.0/STM32CubeIDE/plugins/com.st.stm32cube.ide.mcu.externaltools.gnu-tools-for-stm32.12.3.rel1.win32_1.0.200.202406191623/tools/bin/../lib/gcc/arm-none-eabi/12.3.1/../../../../arm-none-eabi/lib/thumb/v7-m/nofp\libm.a(libm_a-w_pow.o)
                0x08004640                pow
 .text.sqrt     0x08004710       0x48 C:/Users/Asus/Desktop/New folder (2)/STM32CubeIDE_1.16.0/STM32CubeIDE/plugins/com.st.stm32cube.ide.mcu.externaltools.gnu-tools-for-stm32.12.3.rel1.win32_1.0.200.202406191623/tools/bin/../lib/gcc/arm-none-eabi/12.3.1/../../../../arm-none-eabi/lib/thumb/v7-m/nofp\libm.a(libm_a-w_sqrt.o)
                0x08004710                sqrt
 .text.finite   0x08004758        0xc C:/Users/Asus/Desktop/New folder (2)/STM32CubeIDE_1.16.0/STM32CubeIDE/plugins/com.st.stm32cube.ide.mcu.externaltools.gnu-tools-for-stm32.12.3.rel1.win32_1.0.200.202406191623/tools/bin/../lib/gcc/arm-none-eabi/12.3.1/../../../../arm-none-eabi/lib/thumb/v7-m/nofp\libm.a(libm_a-s_finite.o)
                0x08004758                finite
 .text.__ieee754_sqrt
                0x08004764      0x1ac C:/Users/Asus/Desktop/New folder (2)/STM32CubeIDE_1.16.0/STM32CubeIDE/plugins/com.st.stm32cube.ide.mcu.externaltools.gnu-tools-for-stm32.12.3.rel1.win32_1.0.200.202406191623/tools/bin/../lib/gcc/arm-none-eabi/12.3.1/../../../../arm-none-eabi/lib/thumb/v7-m/nofp\libm.a(libm_a-e_sqrt.o)
                0x08004764                __ieee754_sqrt
 .text.__ieee754_pow
                0x08004910      0xa50 C:/Users/Asus/Desktop/New folder (2)/STM32CubeIDE_1.16.0/STM32CubeIDE/plugins/com.st.stm32cube.ide.mcu.externaltools.gnu-tools-for-stm32.12.3.rel1.win32_1.0.200.202406191623/tools/bin/../lib/gcc/arm-none-eabi/12.3.1/../../../../arm-none-eabi/lib/thumb/v7-m/nofp\libm.a(libm_a-e_pow.o)
                0x08004910                __ieee754_pow
 .text.fabs     0x08005360        0x8 C:/Users/Asus/Desktop/New folder (2)/STM32CubeIDE_1.16.0/STM32CubeIDE/plugins/com.st.stm32cube.ide.mcu.externaltools.gnu-tools-for-stm32.12.3.rel1.win32_1.0.200.202406191623/tools/bin/../lib/gcc/arm-none-eabi/12.3.1/../../../../arm-none-eabi/lib/thumb/v7-m/nofp\libm.a(libm_a-s_fabs.o)
                0x08005360                fabs
 .text.scalbn   0x08005368       0xec C:/Users/Asus/Desktop/New folder (2)/STM32CubeIDE_1.16.0/STM32CubeIDE/plugins/com.st.stm32cube.ide.mcu.externaltools.gnu-tools-for-stm32.12.3.rel1.win32_1.0.200.202406191623/tools/bin/../lib/gcc/arm-none-eabi/12.3.1/../../../../arm-none-eabi/lib/thumb/v7-m/nofp\libm.a(libm_a-s_scalbn.o)
                0x08005368                scalbn
 .text.with_errno
                0x08005454       0x14 C:/Users/Asus/Desktop/New folder (2)/STM32CubeIDE_1.16.0/STM32CubeIDE/plugins/com.st.stm32cube.ide.mcu.externaltools.gnu-tools-for-stm32.12.3.rel1.win32_1.0.200.202406191623/tools/bin/../lib/gcc/arm-none-eabi/12.3.1/../../../../arm-none-eabi/lib/thumb/v7-m/nofp\libm.a(libm_a-math_err.o)
 .text.xflow    0x08005468       0x26 C:/Users/Asus/Desktop/New folder (2)/STM32CubeIDE_1.16.0/STM32CubeIDE/plugins/com.st.stm32cube.ide.mcu.externaltools.gnu-tools-for-stm32.12.3.rel1.win32_1.0.200.202406191623/tools/bin/../lib/gcc/arm-none-eabi/12.3.1/../../../../arm-none-eabi/lib/thumb/v7-m/nofp\libm.a(libm_a-math_err.o)
 .text.__math_uflow
                0x0800548e        0xa C:/Users/Asus/Desktop/New folder (2)/STM32CubeIDE_1.16.0/STM32CubeIDE/plugins/com.st.stm32cube.ide.mcu.externaltools.gnu-tools-for-stm32.12.3.rel1.win32_1.0.200.202406191623/tools/bin/../lib/gcc/arm-none-eabi/12.3.1/../../../../arm-none-eabi/lib/thumb/v7-m/nofp\libm.a(libm_a-math_err.o)
                0x0800548e                __math_uflow
 .text.__math_oflow
                0x08005498        0xa C:/Users/Asus/Desktop/New folder (2)/STM32CubeIDE_1.16.0/STM32CubeIDE/plugins/com.st.stm32cube.ide.mcu.externaltools.gnu-tools-for-stm32.12.3.rel1.win32_1.0.200.202406191623/tools/bin/../lib/gcc/arm-none-eabi/12.3.1/../../../../arm-none-eabi/lib/thumb/v7-m/nofp\libm.a(libm_a-math_err.o)
                0x08005498                __math_oflow
 *(.glue_7)
 .glue_7        0x080054a2        0x0 linker stubs
 *(.glue_7t)
 .glue_7t       0x080054a2        0x0 linker stubs
 *(.eh_frame)
 *fill*         0x080054a2        0x2 
 .eh_frame      0x080054a4        0x0 C:/Users/Asus/Desktop/New folder (2)/STM32CubeIDE_1.16.0/STM32CubeIDE/plugins/com.st.stm32cube.ide.mcu.externaltools.gnu-tools-for-stm32.12.3.rel1.win32_1.0.200.202406191623/tools/bin/../lib/gcc/arm-none-eabi/12.3.1/thumb/v7-m/nofp/crtbegin.o
 *(.init)
 .init          0x080054a4        0x4 C:/Users/Asus/Desktop/New folder (2)/STM32CubeIDE_1.16.0/STM32CubeIDE/plugins/com.st.stm32cube.ide.mcu.externaltools.gnu-tools-for-stm32.12.3.rel1.win32_1.0.200.202406191623/tools/bin/../lib/gcc/arm-none-eabi/12.3.1/thumb/v7-m/nofp/crti.o
                0x080054a4                _init
 .init          0x080054a8        0x8 C:/Users/Asus/Desktop/New folder (2)/STM32CubeIDE_1.16.0/STM32CubeIDE/plugins/com.st.stm32cube.ide.mcu.externaltools.gnu-tools-for-stm32.12.3.rel1.win32_1.0.200.202406191623/tools/bin/../lib/gcc/arm-none-eabi/12.3.1/thumb/v7-m/nofp/crtn.o
 *(.fini)
 .fini          0x080054b0        0x4 C:/Users/Asus/Desktop/New folder (2)/STM32CubeIDE_1.16.0/STM32CubeIDE/plugins/com.st.stm32cube.ide.mcu.externaltools.gnu-tools-for-stm32.12.3.rel1.win32_1.0.200.202406191623/tools/bin/../lib/gcc/arm-none-eabi/12.3.1/thumb/v7-m/nofp/crti.o
                0x080054b0                _fini
 .fini          0x080054b4        0x8 C:/Users/Asus/Desktop/New folder (2)/STM32CubeIDE_1.16.0/STM32CubeIDE/plugins/com.st.stm32cube.ide.mcu.externaltools.gnu-tools-for-stm32.12.3.rel1.win32_1.0.200.202406191623/tools/bin/../lib/gcc/arm-none-eabi/12.3.1/thumb/v7-m/nofp/crtn.o
                0x080054bc                        . = ALIGN (0x4)
                0x080054bc                        _etext = .

.vfp11_veneer   0x080054bc        0x0
 .vfp11_veneer  0x080054bc        0x0 linker stubs

.v4_bx          0x080054bc        0x0
 .v4_bx         0x080054bc        0x0 linker stubs

.iplt           0x080054bc        0x0
 .iplt          0x080054bc        0x0 C:/Users/Asus/Desktop/New folder (2)/STM32CubeIDE_1.16.0/STM32CubeIDE/plugins/com.st.stm32cube.ide.mcu.externaltools.gnu-tools-for-stm32.12.3.rel1.win32_1.0.200.202406191623/tools/bin/../lib/gcc/arm-none-eabi/12.3.1/thumb/v7-m/nofp/crtbegin.o

.rodata         0x080054c0      0xff8
                0x080054c0                        . = ALIGN (0x4)
 *(.rodata)
 .rodata        0x080054c0       0x38 ./Core/Src/CommonFunc.o
 .rodata        0x080054f8       0x16 ./Core/Src/main.o
 *(.rodata*)
 *fill*         0x0800550e        0x2 
 .rodata.Font7x10
                0x08005510      0x76c ./Core/Src/CommonFunc.o
 .rodata.init_cmds1
                0x08005c7c       0x3b ./Core/Src/ST7735S.o
 *fill*         0x08005cb7        0x1 
 .rodata.init_cmds2
                0x08005cb8        0xd ./Core/Src/ST7735S.o
 *fill*         0x08005cc5        0x3 
 .rodata.init_cmds3
                0x08005cc8       0x2b ./Core/Src/ST7735S.o
 *fill*         0x08005cf3        0x1 
 .rodata.Font7x10
                0x08005cf4      0x76c ./Core/Src/main.o
 .rodata.AHBPrescTable
                0x08006460       0x10 ./Core/Src/system_stm32f1xx.o
                0x08006460                AHBPrescTable
 .rodata.aPLLMULFactorTable.1
                0x08006470       0x10 ./Drivers/STM32F1xx_HAL_Driver/Src/stm32f1xx_hal_rcc.o
 .rodata.aPredivFactorTable.0
                0x08006480        0x2 ./Drivers/STM32F1xx_HAL_Driver/Src/stm32f1xx_hal_rcc.o
 *fill*         0x08006482        0x6 
 .rodata.dp_l   0x08006488       0x10 C:/Users/Asus/Desktop/New folder (2)/STM32CubeIDE_1.16.0/STM32CubeIDE/plugins/com.st.stm32cube.ide.mcu.externaltools.gnu-tools-for-stm32.12.3.rel1.win32_1.0.200.202406191623/tools/bin/../lib/gcc/arm-none-eabi/12.3.1/../../../../arm-none-eabi/lib/thumb/v7-m/nofp\libm.a(libm_a-e_pow.o)
 .rodata.dp_h   0x08006498       0x10 C:/Users/Asus/Desktop/New folder (2)/STM32CubeIDE_1.16.0/STM32CubeIDE/plugins/com.st.stm32cube.ide.mcu.externaltools.gnu-tools-for-stm32.12.3.rel1.win32_1.0.200.202406191623/tools/bin/../lib/gcc/arm-none-eabi/12.3.1/../../../../arm-none-eabi/lib/thumb/v7-m/nofp\libm.a(libm_a-e_pow.o)
 .rodata.bp     0x080064a8       0x10 C:/Users/Asus/Desktop/New folder (2)/STM32CubeIDE_1.16.0/STM32CubeIDE/plugins/com.st.stm32cube.ide.mcu.externaltools.gnu-tools-for-stm32.12.3.rel1.win32_1.0.200.202406191623/tools/bin/../lib/gcc/arm-none-eabi/12.3.1/../../../../arm-none-eabi/lib/thumb/v7-m/nofp\libm.a(libm_a-e_pow.o)
                0x080064b8                        . = ALIGN (0x4)

.ARM.extab      0x080064b8        0x0
                0x080064b8                        . = ALIGN (0x4)
 *(.ARM.extab* .gnu.linkonce.armextab.*)
                0x080064b8                        . = ALIGN (0x4)

.ARM            0x080064b8        0x0
                0x080064b8                        . = ALIGN (0x4)
                0x080064b8                        __exidx_start = .
 *(.ARM.exidx*)
                0x080064b8                        __exidx_end = .
                0x080064b8                        . = ALIGN (0x4)

.preinit_array  0x080064b8        0x0
                0x080064b8                        . = ALIGN (0x4)
                0x080064b8                        PROVIDE (__preinit_array_start = .)
 *(.preinit_array*)
                0x080064b8                        PROVIDE (__preinit_array_end = .)
                0x080064b8                        . = ALIGN (0x4)

.init_array     0x080064b8        0x4
                0x080064b8                        . = ALIGN (0x4)
                0x080064b8                        PROVIDE (__init_array_start = .)
 *(SORT_BY_NAME(.init_array.*))
 *(.init_array*)
 .init_array    0x080064b8        0x4 C:/Users/Asus/Desktop/New folder (2)/STM32CubeIDE_1.16.0/STM32CubeIDE/plugins/com.st.stm32cube.ide.mcu.externaltools.gnu-tools-for-stm32.12.3.rel1.win32_1.0.200.202406191623/tools/bin/../lib/gcc/arm-none-eabi/12.3.1/thumb/v7-m/nofp/crtbegin.o
                0x080064bc                        PROVIDE (__init_array_end = .)
                0x080064bc                        . = ALIGN (0x4)

.fini_array     0x080064bc        0x4
                0x080064bc                        . = ALIGN (0x4)
                [!provide]                        PROVIDE (__fini_array_start = .)
 *(SORT_BY_NAME(.fini_array.*))
 *(.fini_array*)
 .fini_array    0x080064bc        0x4 C:/Users/Asus/Desktop/New folder (2)/STM32CubeIDE_1.16.0/STM32CubeIDE/plugins/com.st.stm32cube.ide.mcu.externaltools.gnu-tools-for-stm32.12.3.rel1.win32_1.0.200.202406191623/tools/bin/../lib/gcc/arm-none-eabi/12.3.1/thumb/v7-m/nofp/crtbegin.o
                [!provide]                        PROVIDE (__fini_array_end = .)
                0x080064c0                        . = ALIGN (0x4)
                0x080064c0                        _sidata = LOADADDR (.data)

.rel.dyn        0x080064c0        0x0
 .rel.iplt      0x080064c0        0x0 C:/Users/Asus/Desktop/New folder (2)/STM32CubeIDE_1.16.0/STM32CubeIDE/plugins/com.st.stm32cube.ide.mcu.externaltools.gnu-tools-for-stm32.12.3.rel1.win32_1.0.200.202406191623/tools/bin/../lib/gcc/arm-none-eabi/12.3.1/thumb/v7-m/nofp/crtbegin.o

.data           0x20000000       0x70 load address 0x080064c0
                0x20000000                        . = ALIGN (0x4)
                0x20000000                        _sdata = .
 *(.data)
 *(.data*)
 .data.SystemCoreClock
                0x20000000        0x4 ./Core/Src/system_stm32f1xx.o
                0x20000000                SystemCoreClock
 .data.uwTickPrio
                0x20000004        0x4 ./Drivers/STM32F1xx_HAL_Driver/Src/stm32f1xx_hal.o
                0x20000004                uwTickPrio
 .data.uwTickFreq
                0x20000008        0x1 ./Drivers/STM32F1xx_HAL_Driver/Src/stm32f1xx_hal.o
                0x20000008                uwTickFreq
 *fill*         0x20000009        0x3 
 .data._impure_ptr
                0x2000000c        0x4 C:/Users/Asus/Desktop/New folder (2)/STM32CubeIDE_1.16.0/STM32CubeIDE/plugins/com.st.stm32cube.ide.mcu.externaltools.gnu-tools-for-stm32.12.3.rel1.win32_1.0.200.202406191623/tools/bin/../lib/gcc/arm-none-eabi/12.3.1/../../../../arm-none-eabi/lib/thumb/v7-m/nofp\libc_nano.a(libc_a-impure.o)
                0x2000000c                _impure_ptr
 .data._impure_data
                0x20000010       0x4c C:/Users/Asus/Desktop/New folder (2)/STM32CubeIDE_1.16.0/STM32CubeIDE/plugins/com.st.stm32cube.ide.mcu.externaltools.gnu-tools-for-stm32.12.3.rel1.win32_1.0.200.202406191623/tools/bin/../lib/gcc/arm-none-eabi/12.3.1/../../../../arm-none-eabi/lib/thumb/v7-m/nofp\libc_nano.a(libc_a-impure.o)
                0x20000010                _impure_data
 *fill*         0x2000005c        0x4 
 .data.tiny     0x20000060        0x8 C:/Users/Asus/Desktop/New folder (2)/STM32CubeIDE_1.16.0/STM32CubeIDE/plugins/com.st.stm32cube.ide.mcu.externaltools.gnu-tools-for-stm32.12.3.rel1.win32_1.0.200.202406191623/tools/bin/../lib/gcc/arm-none-eabi/12.3.1/../../../../arm-none-eabi/lib/thumb/v7-m/nofp\libm.a(libm_a-e_sqrt.o)
 .data.one      0x20000068        0x8 C:/Users/Asus/Desktop/New folder (2)/STM32CubeIDE_1.16.0/STM32CubeIDE/plugins/com.st.stm32cube.ide.mcu.externaltools.gnu-tools-for-stm32.12.3.rel1.win32_1.0.200.202406191623/tools/bin/../lib/gcc/arm-none-eabi/12.3.1/../../../../arm-none-eabi/lib/thumb/v7-m/nofp\libm.a(libm_a-e_sqrt.o)
 *(.RamFunc)
 *(.RamFunc*)
                0x20000070                        . = ALIGN (0x4)
                0x20000070                        _edata = .

.igot.plt       0x20000070        0x0 load address 0x08006530
 .igot.plt      0x20000070        0x0 C:/Users/Asus/Desktop/New folder (2)/STM32CubeIDE_1.16.0/STM32CubeIDE/plugins/com.st.stm32cube.ide.mcu.externaltools.gnu-tools-for-stm32.12.3.rel1.win32_1.0.200.202406191623/tools/bin/../lib/gcc/arm-none-eabi/12.3.1/thumb/v7-m/nofp/crtbegin.o
                0x20000070                        . = ALIGN (0x4)

.bss            0x20000070      0x334 load address 0x08006530
                0x20000070                        _sbss = .
                0x20000070                        __bss_start__ = _sbss
 *(.bss)
 .bss           0x20000070       0x1c C:/Users/Asus/Desktop/New folder (2)/STM32CubeIDE_1.16.0/STM32CubeIDE/plugins/com.st.stm32cube.ide.mcu.externaltools.gnu-tools-for-stm32.12.3.rel1.win32_1.0.200.202406191623/tools/bin/../lib/gcc/arm-none-eabi/12.3.1/thumb/v7-m/nofp/crtbegin.o
 *(.bss*)
 .bss.hspi1     0x2000008c       0x58 ./Core/Src/main.o
                0x2000008c                hspi1
 .bss.hdma_spi1_tx
                0x200000e4       0x44 ./Core/Src/main.o
                0x200000e4                hdma_spi1_tx
 .bss.game      0x20000128       0x40 ./Core/Src/main.o
                0x20000128                game
 .bss.X         0x20000168       0x80 ./Core/Src/main.o
                0x20000168                X
 .bss.O         0x200001e8       0x80 ./Core/Src/main.o
                0x200001e8                O
 .bss.uwTick    0x20000268        0x4 ./Drivers/STM32F1xx_HAL_Driver/Src/stm32f1xx_hal.o
                0x20000268                uwTick
 .bss.__sf      0x2000026c      0x138 C:/Users/Asus/Desktop/New folder (2)/STM32CubeIDE_1.16.0/STM32CubeIDE/plugins/com.st.stm32cube.ide.mcu.externaltools.gnu-tools-for-stm32.12.3.rel1.win32_1.0.200.202406191623/tools/bin/../lib/gcc/arm-none-eabi/12.3.1/../../../../arm-none-eabi/lib/thumb/v7-m/nofp\libc_nano.a(libc_a-findfp.o)
                0x2000026c                __sf
 *(COMMON)
                0x200003a4                        . = ALIGN (0x4)
                0x200003a4                        _ebss = .
                0x200003a4                        __bss_end__ = _ebss

._user_heap_stack
                0x200003a4      0x604 load address 0x08006530
                0x200003a8                        . = ALIGN (0x8)
 *fill*         0x200003a4        0x4 
                [!provide]                        PROVIDE (end = .)
                0x200003a8                        PROVIDE (_end = .)
                0x200005a8                        . = (. + _Min_Heap_Size)
 *fill*         0x200003a8      0x200 
                0x200009a8                        . = (. + _Min_Stack_Size)
 *fill*         0x200005a8      0x400 
                0x200009a8                        . = ALIGN (0x8)

/DISCARD/
 libc.a(*)
 libm.a(*)
 libgcc.a(*)

.ARM.attributes
                0x00000000       0x29
 *(.ARM.attributes)
 .ARM.attributes
                0x00000000       0x1d C:/Users/Asus/Desktop/New folder (2)/STM32CubeIDE_1.16.0/STM32CubeIDE/plugins/com.st.stm32cube.ide.mcu.externaltools.gnu-tools-for-stm32.12.3.rel1.win32_1.0.200.202406191623/tools/bin/../lib/gcc/arm-none-eabi/12.3.1/thumb/v7-m/nofp/crti.o
 .ARM.attributes
                0x0000001d       0x2d C:/Users/Asus/Desktop/New folder (2)/STM32CubeIDE_1.16.0/STM32CubeIDE/plugins/com.st.stm32cube.ide.mcu.externaltools.gnu-tools-for-stm32.12.3.rel1.win32_1.0.200.202406191623/tools/bin/../lib/gcc/arm-none-eabi/12.3.1/thumb/v7-m/nofp/crtbegin.o
 .ARM.attributes
                0x0000004a       0x2d ./Core/Src/CommonFunc.o
 .ARM.attributes
                0x00000077       0x2d ./Core/Src/ST7735S.o
 .ARM.attributes
                0x000000a4       0x2d ./Core/Src/main.o
 .ARM.attributes
                0x000000d1       0x2d ./Core/Src/stm32f1xx_hal_msp.o
 .ARM.attributes
                0x000000fe       0x2d ./Core/Src/stm32f1xx_it.o
 .ARM.attributes
                0x0000012b       0x2d ./Core/Src/system_stm32f1xx.o
 .ARM.attributes
                0x00000158       0x21 ./Core/Startup/startup_stm32f103c8tx.o
 .ARM.attributes
                0x00000179       0x2d ./Drivers/STM32F1xx_HAL_Driver/Src/stm32f1xx_hal.o
 .ARM.attributes
                0x000001a6       0x2d ./Drivers/STM32F1xx_HAL_Driver/Src/stm32f1xx_hal_cortex.o
 .ARM.attributes
                0x000001d3       0x2d ./Drivers/STM32F1xx_HAL_Driver/Src/stm32f1xx_hal_dma.o
 .ARM.attributes
                0x00000200       0x2d ./Drivers/STM32F1xx_HAL_Driver/Src/stm32f1xx_hal_gpio.o
 .ARM.attributes
                0x0000022d       0x2d ./Drivers/STM32F1xx_HAL_Driver/Src/stm32f1xx_hal_rcc.o
 .ARM.attributes
                0x0000025a       0x2d ./Drivers/STM32F1xx_HAL_Driver/Src/stm32f1xx_hal_spi.o
 .ARM.attributes
                0x00000287       0x2d C:/Users/Asus/Desktop/New folder (2)/STM32CubeIDE_1.16.0/STM32CubeIDE/plugins/com.st.stm32cube.ide.mcu.externaltools.gnu-tools-for-stm32.12.3.rel1.win32_1.0.200.202406191623/tools/bin/../lib/gcc/arm-none-eabi/12.3.1/../../../../arm-none-eabi/lib/thumb/v7-m/nofp\libc_nano.a(libc_a-findfp.o)
 .ARM.attributes
                0x000002b4       0x2d C:/Users/Asus/Desktop/New folder (2)/STM32CubeIDE_1.16.0/STM32CubeIDE/plugins/com.st.stm32cube.ide.mcu.externaltools.gnu-tools-for-stm32.12.3.rel1.win32_1.0.200.202406191623/tools/bin/../lib/gcc/arm-none-eabi/12.3.1/../../../../arm-none-eabi/lib/thumb/v7-m/nofp\libc_nano.a(libc_a-memset.o)
 .ARM.attributes
                0x000002e1       0x2d C:/Users/Asus/Desktop/New folder (2)/STM32CubeIDE_1.16.0/STM32CubeIDE/plugins/com.st.stm32cube.ide.mcu.externaltools.gnu-tools-for-stm32.12.3.rel1.win32_1.0.200.202406191623/tools/bin/../lib/gcc/arm-none-eabi/12.3.1/../../../../arm-none-eabi/lib/thumb/v7-m/nofp\libc_nano.a(libc_a-impure.o)
 .ARM.attributes
                0x0000030e       0x2d C:/Users/Asus/Desktop/New folder (2)/STM32CubeIDE_1.16.0/STM32CubeIDE/plugins/com.st.stm32cube.ide.mcu.externaltools.gnu-tools-for-stm32.12.3.rel1.win32_1.0.200.202406191623/tools/bin/../lib/gcc/arm-none-eabi/12.3.1/../../../../arm-none-eabi/lib/thumb/v7-m/nofp\libc_nano.a(libc_a-errno.o)
 .ARM.attributes
                0x0000033b       0x2d C:/Users/Asus/Desktop/New folder (2)/STM32CubeIDE_1.16.0/STM32CubeIDE/plugins/com.st.stm32cube.ide.mcu.externaltools.gnu-tools-for-stm32.12.3.rel1.win32_1.0.200.202406191623/tools/bin/../lib/gcc/arm-none-eabi/12.3.1/../../../../arm-none-eabi/lib/thumb/v7-m/nofp\libc_nano.a(libc_a-init.o)
 .ARM.attributes
                0x00000368       0x2d C:/Users/Asus/Desktop/New folder (2)/STM32CubeIDE_1.16.0/STM32CubeIDE/plugins/com.st.stm32cube.ide.mcu.externaltools.gnu-tools-for-stm32.12.3.rel1.win32_1.0.200.202406191623/tools/bin/../lib/gcc/arm-none-eabi/12.3.1/../../../../arm-none-eabi/lib/thumb/v7-m/nofp\libm.a(libm_a-w_pow.o)
 .ARM.attributes
                0x00000395       0x2d C:/Users/Asus/Desktop/New folder (2)/STM32CubeIDE_1.16.0/STM32CubeIDE/plugins/com.st.stm32cube.ide.mcu.externaltools.gnu-tools-for-stm32.12.3.rel1.win32_1.0.200.202406191623/tools/bin/../lib/gcc/arm-none-eabi/12.3.1/../../../../arm-none-eabi/lib/thumb/v7-m/nofp\libm.a(libm_a-w_sqrt.o)
 .ARM.attributes
                0x000003c2       0x2d C:/Users/Asus/Desktop/New folder (2)/STM32CubeIDE_1.16.0/STM32CubeIDE/plugins/com.st.stm32cube.ide.mcu.externaltools.gnu-tools-for-stm32.12.3.rel1.win32_1.0.200.202406191623/tools/bin/../lib/gcc/arm-none-eabi/12.3.1/../../../../arm-none-eabi/lib/thumb/v7-m/nofp\libm.a(libm_a-s_finite.o)
 .ARM.attributes
                0x000003ef       0x2d C:/Users/Asus/Desktop/New folder (2)/STM32CubeIDE_1.16.0/STM32CubeIDE/plugins/com.st.stm32cube.ide.mcu.externaltools.gnu-tools-for-stm32.12.3.rel1.win32_1.0.200.202406191623/tools/bin/../lib/gcc/arm-none-eabi/12.3.1/../../../../arm-none-eabi/lib/thumb/v7-m/nofp\libm.a(libm_a-e_sqrt.o)
 .ARM.attributes
                0x0000041c       0x2d C:/Users/Asus/Desktop/New folder (2)/STM32CubeIDE_1.16.0/STM32CubeIDE/plugins/com.st.stm32cube.ide.mcu.externaltools.gnu-tools-for-stm32.12.3.rel1.win32_1.0.200.202406191623/tools/bin/../lib/gcc/arm-none-eabi/12.3.1/../../../../arm-none-eabi/lib/thumb/v7-m/nofp\libm.a(libm_a-e_pow.o)
 .ARM.attributes
                0x00000449       0x2d C:/Users/Asus/Desktop/New folder (2)/STM32CubeIDE_1.16.0/STM32CubeIDE/plugins/com.st.stm32cube.ide.mcu.externaltools.gnu-tools-for-stm32.12.3.rel1.win32_1.0.200.202406191623/tools/bin/../lib/gcc/arm-none-eabi/12.3.1/../../../../arm-none-eabi/lib/thumb/v7-m/nofp\libm.a(libm_a-s_fabs.o)
 .ARM.attributes
                0x00000476       0x2d C:/Users/Asus/Desktop/New folder (2)/STM32CubeIDE_1.16.0/STM32CubeIDE/plugins/com.st.stm32cube.ide.mcu.externaltools.gnu-tools-for-stm32.12.3.rel1.win32_1.0.200.202406191623/tools/bin/../lib/gcc/arm-none-eabi/12.3.1/../../../../arm-none-eabi/lib/thumb/v7-m/nofp\libm.a(libm_a-s_scalbn.o)
 .ARM.attributes
                0x000004a3       0x2d C:/Users/Asus/Desktop/New folder (2)/STM32CubeIDE_1.16.0/STM32CubeIDE/plugins/com.st.stm32cube.ide.mcu.externaltools.gnu-tools-for-stm32.12.3.rel1.win32_1.0.200.202406191623/tools/bin/../lib/gcc/arm-none-eabi/12.3.1/../../../../arm-none-eabi/lib/thumb/v7-m/nofp\libm.a(libm_a-math_err.o)
 .ARM.attributes
                0x000004d0       0x1d C:/Users/Asus/Desktop/New folder (2)/STM32CubeIDE_1.16.0/STM32CubeIDE/plugins/com.st.stm32cube.ide.mcu.externaltools.gnu-tools-for-stm32.12.3.rel1.win32_1.0.200.202406191623/tools/bin/../lib/gcc/arm-none-eabi/12.3.1/thumb/v7-m/nofp\libgcc.a(_arm_addsubdf3.o)
 .ARM.attributes
                0x000004ed       0x1d C:/Users/Asus/Desktop/New folder (2)/STM32CubeIDE_1.16.0/STM32CubeIDE/plugins/com.st.stm32cube.ide.mcu.externaltools.gnu-tools-for-stm32.12.3.rel1.win32_1.0.200.202406191623/tools/bin/../lib/gcc/arm-none-eabi/12.3.1/thumb/v7-m/nofp\libgcc.a(_arm_muldivdf3.o)
 .ARM.attributes
                0x0000050a       0x1d C:/Users/Asus/Desktop/New folder (2)/STM32CubeIDE_1.16.0/STM32CubeIDE/plugins/com.st.stm32cube.ide.mcu.externaltools.gnu-tools-for-stm32.12.3.rel1.win32_1.0.200.202406191623/tools/bin/../lib/gcc/arm-none-eabi/12.3.1/thumb/v7-m/nofp\libgcc.a(_arm_cmpdf2.o)
 .ARM.attributes
                0x00000527       0x1d C:/Users/Asus/Desktop/New folder (2)/STM32CubeIDE_1.16.0/STM32CubeIDE/plugins/com.st.stm32cube.ide.mcu.externaltools.gnu-tools-for-stm32.12.3.rel1.win32_1.0.200.202406191623/tools/bin/../lib/gcc/arm-none-eabi/12.3.1/thumb/v7-m/nofp\libgcc.a(_arm_unorddf2.o)
 .ARM.attributes
                0x00000544       0x1d C:/Users/Asus/Desktop/New folder (2)/STM32CubeIDE_1.16.0/STM32CubeIDE/plugins/com.st.stm32cube.ide.mcu.externaltools.gnu-tools-for-stm32.12.3.rel1.win32_1.0.200.202406191623/tools/bin/../lib/gcc/arm-none-eabi/12.3.1/thumb/v7-m/nofp\libgcc.a(_arm_fixdfsi.o)
 .ARM.attributes
                0x00000561       0x1d C:/Users/Asus/Desktop/New folder (2)/STM32CubeIDE_1.16.0/STM32CubeIDE/plugins/com.st.stm32cube.ide.mcu.externaltools.gnu-tools-for-stm32.12.3.rel1.win32_1.0.200.202406191623/tools/bin/../lib/gcc/arm-none-eabi/12.3.1/thumb/v7-m/nofp/crtn.o
OUTPUT(Proj.elf elf32-littlearm)
LOAD linker stubs
LOAD C:/Users/Asus/Desktop/New folder (2)/STM32CubeIDE_1.16.0/STM32CubeIDE/plugins/com.st.stm32cube.ide.mcu.externaltools.gnu-tools-for-stm32.12.3.rel1.win32_1.0.200.202406191623/tools/bin/../lib/gcc/arm-none-eabi/12.3.1/../../../../arm-none-eabi/lib/thumb/v7-m/nofp\libc.a
LOAD C:/Users/Asus/Desktop/New folder (2)/STM32CubeIDE_1.16.0/STM32CubeIDE/plugins/com.st.stm32cube.ide.mcu.externaltools.gnu-tools-for-stm32.12.3.rel1.win32_1.0.200.202406191623/tools/bin/../lib/gcc/arm-none-eabi/12.3.1/../../../../arm-none-eabi/lib/thumb/v7-m/nofp\libm.a
LOAD C:/Users/Asus/Desktop/New folder (2)/STM32CubeIDE_1.16.0/STM32CubeIDE/plugins/com.st.stm32cube.ide.mcu.externaltools.gnu-tools-for-stm32.12.3.rel1.win32_1.0.200.202406191623/tools/bin/../lib/gcc/arm-none-eabi/12.3.1/thumb/v7-m/nofp\libgcc.a

.debug_info     0x00000000     0x71ba
 .debug_info    0x00000000      0xb08 ./Core/Src/CommonFunc.o
 .debug_info    0x00000b08      0xb94 ./Core/Src/ST7735S.o
 .debug_info    0x0000169c      0xe67 ./Core/Src/main.o
 .debug_info    0x00002503      0xa1f ./Core/Src/stm32f1xx_hal_msp.o
 .debug_info    0x00002f22      0x63c ./Core/Src/stm32f1xx_it.o
 .debug_info    0x0000355e      0x222 ./Core/Src/system_stm32f1xx.o
 .debug_info    0x00003780       0x30 ./Core/Startup/startup_stm32f103c8tx.o
 .debug_info    0x000037b0      0x704 ./Drivers/STM32F1xx_HAL_Driver/Src/stm32f1xx_hal.o
 .debug_info    0x00003eb4      0xa87 ./Drivers/STM32F1xx_HAL_Driver/Src/stm32f1xx_hal_cortex.o
 .debug_info    0x0000493b      0x6d2 ./Drivers/STM32F1xx_HAL_Driver/Src/stm32f1xx_hal_dma.o
 .debug_info    0x0000500d      0x5ab ./Drivers/STM32F1xx_HAL_Driver/Src/stm32f1xx_hal_gpio.o
 .debug_info    0x000055b8      0x7d5 ./Drivers/STM32F1xx_HAL_Driver/Src/stm32f1xx_hal_rcc.o
 .debug_info    0x00005d8d     0x142d ./Drivers/STM32F1xx_HAL_Driver/Src/stm32f1xx_hal_spi.o

.debug_abbrev   0x00000000     0x1b24
 .debug_abbrev  0x00000000      0x31b ./Core/Src/CommonFunc.o
 .debug_abbrev  0x0000031b      0x217 ./Core/Src/ST7735S.o
 .debug_abbrev  0x00000532      0x301 ./Core/Src/main.o
 .debug_abbrev  0x00000833      0x20a ./Core/Src/stm32f1xx_hal_msp.o
 .debug_abbrev  0x00000a3d      0x189 ./Core/Src/stm32f1xx_it.o
 .debug_abbrev  0x00000bc6      0x13f ./Core/Src/system_stm32f1xx.o
 .debug_abbrev  0x00000d05       0x24 ./Core/Startup/startup_stm32f103c8tx.o
 .debug_abbrev  0x00000d29      0x201 ./Drivers/STM32F1xx_HAL_Driver/Src/stm32f1xx_hal.o
 .debug_abbrev  0x00000f2a      0x2f8 ./Drivers/STM32F1xx_HAL_Driver/Src/stm32f1xx_hal_cortex.o
 .debug_abbrev  0x00001222      0x20b ./Drivers/STM32F1xx_HAL_Driver/Src/stm32f1xx_hal_dma.o
 .debug_abbrev  0x0000142d      0x1ca ./Drivers/STM32F1xx_HAL_Driver/Src/stm32f1xx_hal_gpio.o
 .debug_abbrev  0x000015f7      0x2b3 ./Drivers/STM32F1xx_HAL_Driver/Src/stm32f1xx_hal_rcc.o
 .debug_abbrev  0x000018aa      0x27a ./Drivers/STM32F1xx_HAL_Driver/Src/stm32f1xx_hal_spi.o

.debug_aranges  0x00000000      0x7b0
 .debug_aranges
                0x00000000       0x98 ./Core/Src/CommonFunc.o
 .debug_aranges
                0x00000098       0xc8 ./Core/Src/ST7735S.o
 .debug_aranges
                0x00000160       0x48 ./Core/Src/main.o
 .debug_aranges
                0x000001a8       0x30 ./Core/Src/stm32f1xx_hal_msp.o
 .debug_aranges
                0x000001d8       0x70 ./Core/Src/stm32f1xx_it.o
 .debug_aranges
                0x00000248       0x28 ./Core/Src/system_stm32f1xx.o
 .debug_aranges
                0x00000270       0x28 ./Core/Startup/startup_stm32f103c8tx.o
 .debug_aranges
                0x00000298       0xe0 ./Drivers/STM32F1xx_HAL_Driver/Src/stm32f1xx_hal.o
 .debug_aranges
                0x00000378      0x100 ./Drivers/STM32F1xx_HAL_Driver/Src/stm32f1xx_hal_cortex.o
 .debug_aranges
                0x00000478       0x80 ./Drivers/STM32F1xx_HAL_Driver/Src/stm32f1xx_hal_dma.o
 .debug_aranges
                0x000004f8       0x58 ./Drivers/STM32F1xx_HAL_Driver/Src/stm32f1xx_hal_gpio.o
 .debug_aranges
                0x00000550       0x90 ./Drivers/STM32F1xx_HAL_Driver/Src/stm32f1xx_hal_rcc.o
 .debug_aranges
                0x000005e0      0x1d0 ./Drivers/STM32F1xx_HAL_Driver/Src/stm32f1xx_hal_spi.o

.debug_rnglists
                0x00000000      0x5bc
 .debug_rnglists
                0x00000000       0x77 ./Core/Src/CommonFunc.o
 .debug_rnglists
                0x00000077       0x94 ./Core/Src/ST7735S.o
 .debug_rnglists
                0x0000010b       0x34 ./Core/Src/main.o
 .debug_rnglists
                0x0000013f       0x20 ./Core/Src/stm32f1xx_hal_msp.o
 .debug_rnglists
                0x0000015f       0x4f ./Core/Src/stm32f1xx_it.o
 .debug_rnglists
                0x000001ae       0x1a ./Core/Src/system_stm32f1xx.o
 .debug_rnglists
                0x000001c8       0x19 ./Core/Startup/startup_stm32f103c8tx.o
 .debug_rnglists
                0x000001e1       0xa3 ./Drivers/STM32F1xx_HAL_Driver/Src/stm32f1xx_hal.o
 .debug_rnglists
                0x00000284       0xbb ./Drivers/STM32F1xx_HAL_Driver/Src/stm32f1xx_hal_cortex.o
 .debug_rnglists
                0x0000033f       0x64 ./Drivers/STM32F1xx_HAL_Driver/Src/stm32f1xx_hal_dma.o
 .debug_rnglists
                0x000003a3       0x3f ./Drivers/STM32F1xx_HAL_Driver/Src/stm32f1xx_hal_gpio.o
 .debug_rnglists
                0x000003e2       0x6c ./Drivers/STM32F1xx_HAL_Driver/Src/stm32f1xx_hal_rcc.o
 .debug_rnglists
                0x0000044e      0x16e ./Drivers/STM32F1xx_HAL_Driver/Src/stm32f1xx_hal_spi.o

.debug_macro    0x00000000    0x16ee3
 .debug_macro   0x00000000      0x254 ./Core/Src/CommonFunc.o
 .debug_macro   0x00000254      0xaa8 ./Core/Src/CommonFunc.o
 .debug_macro   0x00000cfc      0x21b ./Core/Src/CommonFunc.o
 .debug_macro   0x00000f17       0x2e ./Core/Src/CommonFunc.o
 .debug_macro   0x00000f45       0x22 ./Core/Src/CommonFunc.o
 .debug_macro   0x00000f67       0x22 ./Core/Src/CommonFunc.o
 .debug_macro   0x00000f89       0x8e ./Core/Src/CommonFunc.o
 .debug_macro   0x00001017       0x51 ./Core/Src/CommonFunc.o
 .debug_macro   0x00001068      0x103 ./Core/Src/CommonFunc.o
 .debug_macro   0x0000116b       0x6a ./Core/Src/CommonFunc.o
 .debug_macro   0x000011d5      0x1df ./Core/Src/CommonFunc.o
 .debug_macro   0x000013b4       0x1c ./Core/Src/CommonFunc.o
 .debug_macro   0x000013d0       0x22 ./Core/Src/CommonFunc.o
 .debug_macro   0x000013f2       0xbd ./Core/Src/CommonFunc.o
 .debug_macro   0x000014af      0xd23 ./Core/Src/CommonFunc.o
 .debug_macro   0x000021d2     0xe09e ./Core/Src/CommonFunc.o
 .debug_macro   0x00010270       0x6d ./Core/Src/CommonFunc.o
 .debug_macro   0x000102dd     0x34a2 ./Core/Src/CommonFunc.o
 .debug_macro   0x0001377f      0x189 ./Core/Src/CommonFunc.o
 .debug_macro   0x00013908       0x5c ./Core/Src/CommonFunc.o
 .debug_macro   0x00013964      0x5bc ./Core/Src/CommonFunc.o
 .debug_macro   0x00013f20      0x289 ./Core/Src/CommonFunc.o
 .debug_macro   0x000141a9      0x1cb ./Core/Src/CommonFunc.o
 .debug_macro   0x00014374      0x114 ./Core/Src/CommonFunc.o
 .debug_macro   0x00014488      0x1b2 ./Core/Src/CommonFunc.o
 .debug_macro   0x0001463a       0x27 ./Core/Src/CommonFunc.o
 .debug_macro   0x00014661      0x136 ./Core/Src/CommonFunc.o
 .debug_macro   0x00014797      0x1bc ./Core/Src/CommonFunc.o
 .debug_macro   0x00014953       0x34 ./Core/Src/CommonFunc.o
 .debug_macro   0x00014987       0x3c ./Core/Src/CommonFunc.o
 .debug_macro   0x000149c3       0x57 ./Core/Src/CommonFunc.o
 .debug_macro   0x00014a1a       0x87 ./Core/Src/CommonFunc.o
 .debug_macro   0x00014aa1      0x240 ./Core/Src/CommonFunc.o
 .debug_macro   0x00014ce1      0x140 ./Core/Src/CommonFunc.o
 .debug_macro   0x00014e21      0x217 ./Core/Src/CommonFunc.o
 .debug_macro   0x00015038       0x83 ./Core/Src/CommonFunc.o
 .debug_macro   0x000150bb       0x22 ./Core/Src/CommonFunc.o
 .debug_macro   0x000150dd      0x1f0 ./Core/Src/CommonFunc.o
 .debug_macro   0x000152cd       0xc4 ./Core/Src/CommonFunc.o
 .debug_macro   0x00015391       0x61 ./Core/Src/CommonFunc.o
 .debug_macro   0x000153f2       0x24 ./Core/Src/CommonFunc.o
 .debug_macro   0x00015416       0x43 ./Core/Src/CommonFunc.o
 .debug_macro   0x00015459       0x34 ./Core/Src/CommonFunc.o
 .debug_macro   0x0001548d       0x16 ./Core/Src/CommonFunc.o
 .debug_macro   0x000154a3       0x43 ./Core/Src/CommonFunc.o
 .debug_macro   0x000154e6       0x34 ./Core/Src/CommonFunc.o
 .debug_macro   0x0001551a       0x10 ./Core/Src/CommonFunc.o
 .debug_macro   0x0001552a       0x58 ./Core/Src/CommonFunc.o
 .debug_macro   0x00015582       0x8e ./Core/Src/CommonFunc.o
 .debug_macro   0x00015610       0x1c ./Core/Src/CommonFunc.o
 .debug_macro   0x0001562c      0x177 ./Core/Src/CommonFunc.o
 .debug_macro   0x000157a3      0x369 ./Core/Src/CommonFunc.o
 .debug_macro   0x00015b0c      0x19b ./Core/Src/CommonFunc.o
 .debug_macro   0x00015ca7      0x1c4 ./Core/Src/ST7735S.o
 .debug_macro   0x00015e6b      0x1b3 ./Core/Src/main.o
 .debug_macro   0x0001601e      0x198 ./Core/Src/stm32f1xx_hal_msp.o
 .debug_macro   0x000161b6      0x1a2 ./Core/Src/stm32f1xx_it.o
 .debug_macro   0x00016358      0x18e ./Core/Src/system_stm32f1xx.o
 .debug_macro   0x000164e6      0x1b2 ./Drivers/STM32F1xx_HAL_Driver/Src/stm32f1xx_hal.o
 .debug_macro   0x00016698      0x18e ./Drivers/STM32F1xx_HAL_Driver/Src/stm32f1xx_hal_cortex.o
 .debug_macro   0x00016826      0x18e ./Drivers/STM32F1xx_HAL_Driver/Src/stm32f1xx_hal_dma.o
 .debug_macro   0x000169b4      0x1f9 ./Drivers/STM32F1xx_HAL_Driver/Src/stm32f1xx_hal_gpio.o
 .debug_macro   0x00016bad      0x1a0 ./Drivers/STM32F1xx_HAL_Driver/Src/stm32f1xx_hal_rcc.o
 .debug_macro   0x00016d4d      0x196 ./Drivers/STM32F1xx_HAL_Driver/Src/stm32f1xx_hal_spi.o

.debug_line     0x00000000     0x93fa
 .debug_line    0x00000000     0x130e ./Core/Src/CommonFunc.o
 .debug_line    0x0000130e      0xa4f ./Core/Src/ST7735S.o
 .debug_line    0x00001d5d      0x981 ./Core/Src/main.o
 .debug_line    0x000026de      0x72f ./Core/Src/stm32f1xx_hal_msp.o
 .debug_line    0x00002e0d      0x7b1 ./Core/Src/stm32f1xx_it.o
 .debug_line    0x000035be      0x73d ./Core/Src/system_stm32f1xx.o
 .debug_line    0x00003cfb       0x78 ./Core/Startup/startup_stm32f103c8tx.o
 .debug_line    0x00003d73      0x96a ./Drivers/STM32F1xx_HAL_Driver/Src/stm32f1xx_hal.o
 .debug_line    0x000046dd      0xb56 ./Drivers/STM32F1xx_HAL_Driver/Src/stm32f1xx_hal_cortex.o
 .debug_line    0x00005233      0xdc3 ./Drivers/STM32F1xx_HAL_Driver/Src/stm32f1xx_hal_dma.o
 .debug_line    0x00005ff6      0xa03 ./Drivers/STM32F1xx_HAL_Driver/Src/stm32f1xx_hal_gpio.o
 .debug_line    0x000069f9      0xd73 ./Drivers/STM32F1xx_HAL_Driver/Src/stm32f1xx_hal_rcc.o
 .debug_line    0x0000776c     0x1c8e ./Drivers/STM32F1xx_HAL_Driver/Src/stm32f1xx_hal_spi.o

.debug_str      0x00000000    0x81e9c
 .debug_str     0x00000000    0x7ff51 ./Core/Src/CommonFunc.o
                              0x802d0 (size before relaxing)
 .debug_str     0x0007ff51      0x5ab ./Core/Src/ST7735S.o
                              0x7cd28 (size before relaxing)
 .debug_str     0x000804fc      0x4e1 ./Core/Src/main.o
                              0x7d229 (size before relaxing)
 .debug_str     0x000809dd       0xc1 ./Core/Src/stm32f1xx_hal_msp.o
                              0x7c97c (size before relaxing)
 .debug_str     0x00080a9e      0x118 ./Core/Src/stm32f1xx_it.o
                              0x7c5f5 (size before relaxing)
 .debug_str     0x00080bb6       0x7e ./Core/Src/system_stm32f1xx.o
                              0x7c1c2 (size before relaxing)
 .debug_str     0x00080c34       0x44 ./Core/Startup/startup_stm32f103c8tx.o
                                 0x7b (size before relaxing)
 .debug_str     0x00080c78      0x37a ./Drivers/STM32F1xx_HAL_Driver/Src/stm32f1xx_hal.o
                              0x7c8f5 (size before relaxing)
 .debug_str     0x00080ff2      0x294 ./Drivers/STM32F1xx_HAL_Driver/Src/stm32f1xx_hal_cortex.o
                              0x7c841 (size before relaxing)
 .debug_str     0x00081286      0x20b ./Drivers/STM32F1xx_HAL_Driver/Src/stm32f1xx_hal_dma.o
                              0x7c56b (size before relaxing)
 .debug_str     0x00081491      0x2d0 ./Drivers/STM32F1xx_HAL_Driver/Src/stm32f1xx_hal_gpio.o
                              0x7c548 (size before relaxing)
 .debug_str     0x00081761      0x229 ./Drivers/STM32F1xx_HAL_Driver/Src/stm32f1xx_hal_rcc.o
                              0x7c5f1 (size before relaxing)
 .debug_str     0x0008198a      0x512 ./Drivers/STM32F1xx_HAL_Driver/Src/stm32f1xx_hal_spi.o
                              0x7cae8 (size before relaxing)

.comment        0x00000000       0x43
 .comment       0x00000000       0x43 ./Core/Src/CommonFunc.o
                                 0x44 (size before relaxing)
 .comment       0x00000043       0x44 ./Core/Src/ST7735S.o
 .comment       0x00000043       0x44 ./Core/Src/main.o
 .comment       0x00000043       0x44 ./Core/Src/stm32f1xx_hal_msp.o
 .comment       0x00000043       0x44 ./Core/Src/stm32f1xx_it.o
 .comment       0x00000043       0x44 ./Core/Src/system_stm32f1xx.o
 .comment       0x00000043       0x44 ./Drivers/STM32F1xx_HAL_Driver/Src/stm32f1xx_hal.o
 .comment       0x00000043       0x44 ./Drivers/STM32F1xx_HAL_Driver/Src/stm32f1xx_hal_cortex.o
 .comment       0x00000043       0x44 ./Drivers/STM32F1xx_HAL_Driver/Src/stm32f1xx_hal_dma.o
 .comment       0x00000043       0x44 ./Drivers/STM32F1xx_HAL_Driver/Src/stm32f1xx_hal_gpio.o
 .comment       0x00000043       0x44 ./Drivers/STM32F1xx_HAL_Driver/Src/stm32f1xx_hal_rcc.o
 .comment       0x00000043       0x44 ./Drivers/STM32F1xx_HAL_Driver/Src/stm32f1xx_hal_spi.o

.debug_frame    0x00000000     0x237c
 .debug_frame   0x00000000      0x270 ./Core/Src/CommonFunc.o
 .debug_frame   0x00000270      0x2e8 ./Core/Src/ST7735S.o
 .debug_frame   0x00000558       0xd0 ./Core/Src/main.o
 .debug_frame   0x00000628       0x80 ./Core/Src/stm32f1xx_hal_msp.o
 .debug_frame   0x000006a8      0x13c ./Core/Src/stm32f1xx_it.o
 .debug_frame   0x000007e4       0x58 ./Core/Src/system_stm32f1xx.o
 .debug_frame   0x0000083c      0x334 ./Drivers/STM32F1xx_HAL_Driver/Src/stm32f1xx_hal.o
 .debug_frame   0x00000b70      0x428 ./Drivers/STM32F1xx_HAL_Driver/Src/stm32f1xx_hal_cortex.o
 .debug_frame   0x00000f98      0x208 ./Drivers/STM32F1xx_HAL_Driver/Src/stm32f1xx_hal_dma.o
 .debug_frame   0x000011a0      0x14c ./Drivers/STM32F1xx_HAL_Driver/Src/stm32f1xx_hal_gpio.o
 .debug_frame   0x000012ec      0x218 ./Drivers/STM32F1xx_HAL_Driver/Src/stm32f1xx_hal_rcc.o
 .debug_frame   0x00001504      0x824 ./Drivers/STM32F1xx_HAL_Driver/Src/stm32f1xx_hal_spi.o
 .debug_frame   0x00001d28      0x144 C:/Users/Asus/Desktop/New folder (2)/STM32CubeIDE_1.16.0/STM32CubeIDE/plugins/com.st.stm32cube.ide.mcu.externaltools.gnu-tools-for-stm32.12.3.rel1.win32_1.0.200.202406191623/tools/bin/../lib/gcc/arm-none-eabi/12.3.1/../../../../arm-none-eabi/lib/thumb/v7-m/nofp\libc_nano.a(libc_a-findfp.o)
 .debug_frame   0x00001e6c       0x20 C:/Users/Asus/Desktop/New folder (2)/STM32CubeIDE_1.16.0/STM32CubeIDE/plugins/com.st.stm32cube.ide.mcu.externaltools.gnu-tools-for-stm32.12.3.rel1.win32_1.0.200.202406191623/tools/bin/../lib/gcc/arm-none-eabi/12.3.1/../../../../arm-none-eabi/lib/thumb/v7-m/nofp\libc_nano.a(libc_a-memset.o)
 .debug_frame   0x00001e8c       0x20 C:/Users/Asus/Desktop/New folder (2)/STM32CubeIDE_1.16.0/STM32CubeIDE/plugins/com.st.stm32cube.ide.mcu.externaltools.gnu-tools-for-stm32.12.3.rel1.win32_1.0.200.202406191623/tools/bin/../lib/gcc/arm-none-eabi/12.3.1/../../../../arm-none-eabi/lib/thumb/v7-m/nofp\libc_nano.a(libc_a-errno.o)
 .debug_frame   0x00001eac       0x2c C:/Users/Asus/Desktop/New folder (2)/STM32CubeIDE_1.16.0/STM32CubeIDE/plugins/com.st.stm32cube.ide.mcu.externaltools.gnu-tools-for-stm32.12.3.rel1.win32_1.0.200.202406191623/tools/bin/../lib/gcc/arm-none-eabi/12.3.1/../../../../arm-none-eabi/lib/thumb/v7-m/nofp\libc_nano.a(libc_a-init.o)
 .debug_frame   0x00001ed8       0x34 C:/Users/Asus/Desktop/New folder (2)/STM32CubeIDE_1.16.0/STM32CubeIDE/plugins/com.st.stm32cube.ide.mcu.externaltools.gnu-tools-for-stm32.12.3.rel1.win32_1.0.200.202406191623/tools/bin/../lib/gcc/arm-none-eabi/12.3.1/../../../../arm-none-eabi/lib/thumb/v7-m/nofp\libm.a(libm_a-w_pow.o)
 .debug_frame   0x00001f0c       0x30 C:/Users/Asus/Desktop/New folder (2)/STM32CubeIDE_1.16.0/STM32CubeIDE/plugins/com.st.stm32cube.ide.mcu.externaltools.gnu-tools-for-stm32.12.3.rel1.win32_1.0.200.202406191623/tools/bin/../lib/gcc/arm-none-eabi/12.3.1/../../../../arm-none-eabi/lib/thumb/v7-m/nofp\libm.a(libm_a-w_sqrt.o)
 .debug_frame   0x00001f3c       0x20 C:/Users/Asus/Desktop/New folder (2)/STM32CubeIDE_1.16.0/STM32CubeIDE/plugins/com.st.stm32cube.ide.mcu.externaltools.gnu-tools-for-stm32.12.3.rel1.win32_1.0.200.202406191623/tools/bin/../lib/gcc/arm-none-eabi/12.3.1/../../../../arm-none-eabi/lib/thumb/v7-m/nofp\libm.a(libm_a-s_finite.o)
 .debug_frame   0x00001f5c       0x38 C:/Users/Asus/Desktop/New folder (2)/STM32CubeIDE_1.16.0/STM32CubeIDE/plugins/com.st.stm32cube.ide.mcu.externaltools.gnu-tools-for-stm32.12.3.rel1.win32_1.0.200.202406191623/tools/bin/../lib/gcc/arm-none-eabi/12.3.1/../../../../arm-none-eabi/lib/thumb/v7-m/nofp\libm.a(libm_a-e_sqrt.o)
 .debug_frame   0x00001f94       0x78 C:/Users/Asus/Desktop/New folder (2)/STM32CubeIDE_1.16.0/STM32CubeIDE/plugins/com.st.stm32cube.ide.mcu.externaltools.gnu-tools-for-stm32.12.3.rel1.win32_1.0.200.202406191623/tools/bin/../lib/gcc/arm-none-eabi/12.3.1/../../../../arm-none-eabi/lib/thumb/v7-m/nofp\libm.a(libm_a-e_pow.o)
 .debug_frame   0x0000200c       0x20 C:/Users/Asus/Desktop/New folder (2)/STM32CubeIDE_1.16.0/STM32CubeIDE/plugins/com.st.stm32cube.ide.mcu.externaltools.gnu-tools-for-stm32.12.3.rel1.win32_1.0.200.202406191623/tools/bin/../lib/gcc/arm-none-eabi/12.3.1/../../../../arm-none-eabi/lib/thumb/v7-m/nofp\libm.a(libm_a-s_fabs.o)
 .debug_frame   0x0000202c       0x30 C:/Users/Asus/Desktop/New folder (2)/STM32CubeIDE_1.16.0/STM32CubeIDE/plugins/com.st.stm32cube.ide.mcu.externaltools.gnu-tools-for-stm32.12.3.rel1.win32_1.0.200.202406191623/tools/bin/../lib/gcc/arm-none-eabi/12.3.1/../../../../arm-none-eabi/lib/thumb/v7-m/nofp\libm.a(libm_a-s_scalbn.o)
 .debug_frame   0x0000205c      0x11c C:/Users/Asus/Desktop/New folder (2)/STM32CubeIDE_1.16.0/STM32CubeIDE/plugins/com.st.stm32cube.ide.mcu.externaltools.gnu-tools-for-stm32.12.3.rel1.win32_1.0.200.202406191623/tools/bin/../lib/gcc/arm-none-eabi/12.3.1/../../../../arm-none-eabi/lib/thumb/v7-m/nofp\libm.a(libm_a-math_err.o)
 .debug_frame   0x00002178       0xac C:/Users/Asus/Desktop/New folder (2)/STM32CubeIDE_1.16.0/STM32CubeIDE/plugins/com.st.stm32cube.ide.mcu.externaltools.gnu-tools-for-stm32.12.3.rel1.win32_1.0.200.202406191623/tools/bin/../lib/gcc/arm-none-eabi/12.3.1/thumb/v7-m/nofp\libgcc.a(_arm_addsubdf3.o)
 .debug_frame   0x00002224       0x50 C:/Users/Asus/Desktop/New folder (2)/STM32CubeIDE_1.16.0/STM32CubeIDE/plugins/com.st.stm32cube.ide.mcu.externaltools.gnu-tools-for-stm32.12.3.rel1.win32_1.0.200.202406191623/tools/bin/../lib/gcc/arm-none-eabi/12.3.1/thumb/v7-m/nofp\libgcc.a(_arm_muldivdf3.o)
 .debug_frame   0x00002274       0xc4 C:/Users/Asus/Desktop/New folder (2)/STM32CubeIDE_1.16.0/STM32CubeIDE/plugins/com.st.stm32cube.ide.mcu.externaltools.gnu-tools-for-stm32.12.3.rel1.win32_1.0.200.202406191623/tools/bin/../lib/gcc/arm-none-eabi/12.3.1/thumb/v7-m/nofp\libgcc.a(_arm_cmpdf2.o)
 .debug_frame   0x00002338       0x20 C:/Users/Asus/Desktop/New folder (2)/STM32CubeIDE_1.16.0/STM32CubeIDE/plugins/com.st.stm32cube.ide.mcu.externaltools.gnu-tools-for-stm32.12.3.rel1.win32_1.0.200.202406191623/tools/bin/../lib/gcc/arm-none-eabi/12.3.1/thumb/v7-m/nofp\libgcc.a(_arm_unorddf2.o)
 .debug_frame   0x00002358       0x24 C:/Users/Asus/Desktop/New folder (2)/STM32CubeIDE_1.16.0/STM32CubeIDE/plugins/com.st.stm32cube.ide.mcu.externaltools.gnu-tools-for-stm32.12.3.rel1.win32_1.0.200.202406191623/tools/bin/../lib/gcc/arm-none-eabi/12.3.1/thumb/v7-m/nofp\libgcc.a(_arm_fixdfsi.o)

.debug_line_str
                0x00000000       0x5f
 .debug_line_str
                0x00000000       0x5f ./Core/Startup/startup_stm32f103c8tx.o
