../Core/Src/CommonFunc.c:15:5:Button	8	static
../Core/Src/CommonFunc.c:64:6:BackGround	16	static
../Core/Src/CommonFunc.c:70:6:DrawBoard	24	static
../Core/Src/CommonFunc.c:79:6:CreateX	32	static
../Core/Src/CommonFunc.c:95:6:CreateO	48	static
../Core/Src/CommonFunc.c:111:6:DrawXO	80	static
../Core/Src/CommonFunc.c:130:6:NewGame	24	static
../Core/Src/CommonFunc.c:145:6:GameMenu	16	static
../Core/Src/CommonFunc.c:151:6:MoveCur	24	static
../Core/Src/CommonFunc.c:227:5:CheckWin	56	static
../Core/Src/CommonFunc.c:283:5:check_empty	24	static
../Core/Src/CommonFunc.c:294:5:End	24	static
../Core/Src/CommonFunc.c:305:6:BotMove	40	static
../Core/Src/CommonFunc.c:364:6:FindBestMove	32	static
../Core/Src/CommonFunc.c:385:5:minimax	64	static
../Core/Src/CommonFunc.c:428:5:empty_cells	32	static
