../Core/Src/main.c:69:6:uart_Init	2
../Core/Src/main.c:82:16:DS18B20_Init	2
../Core/Src/main.c:100:16:DS18B20_ReadBit	1
../Core/Src/main.c:113:16:DS18B20_ReadByte	3
../Core/Src/main.c:127:13:DS18B20_WriteByte	3
../Core/Src/main.c:142:6:DS18B20_SampleTemp	1
../Core/Src/main.c:149:7:DS18B20_ReadTemp	1
../Core/Src/main.c:202:5:main	1
../Core/Src/main.c:261:6:SystemClock_Config	3
../Core/Src/main.c:301:13:MX_I2C1_Init	2
../Core/Src/main.c:335:13:MX_USART1_UART_Init	2
../Core/Src/main.c:368:13:MX_GPIO_Init	1
../Core/Src/main.c:390:6:Error_Handler	1
