../Core/Src/main.c:69:6:uart_Init	16	static
../Core/Src/main.c:82:16:DS18B20_Init	16	static
../Core/Src/main.c:100:16:DS18B20_ReadBit	16	static
../Core/Src/main.c:113:16:DS18B20_ReadByte	16	static
../Core/Src/main.c:127:13:DS18B20_WriteByte	32	static
../Core/Src/main.c:142:6:DS18B20_SampleTemp	8	static
../Core/Src/main.c:149:7:DS18B20_ReadTemp	16	static
../Core/Src/main.c:202:5:main	8	static
../Core/Src/main.c:261:6:SystemClock_Config	72	static
../Core/Src/main.c:301:13:MX_I2C1_Init	8	static
../Core/Src/main.c:335:13:MX_USART1_UART_Init	8	static
../Core/Src/main.c:368:13:MX_GPIO_Init	24	static
../Core/Src/main.c:390:6:Error_Handler	4	static,ignoring_inline_asm
